Component: ARM Compiler 5.05 update 1 (build 106) Tool: armlink [4d0efa]

==============================================================================

Section Cross References

    main.o(.text) refers to fdiv.o(x$fpl$fdiv) for __aeabi_fdiv
    main.o(.text) refers to ffix.o(x$fpl$ffix) for __aeabi_f2iz
    main.o(.text) refers to fflt_clz.o(x$fpl$fflt) for __aeabi_i2f
    main.o(.text) refers to dflt_clz.o(x$fpl$dflt) for __aeabi_i2d
    main.o(.text) refers to ddiv.o(x$fpl$ddiv) for __aeabi_ddiv
    main.o(.text) refers to dmul.o(x$fpl$dmul) for __aeabi_dmul
    main.o(.text) refers to sin.o(i.sin) for sin
    main.o(.text) refers to f2d.o(x$fpl$f2d) for __aeabi_f2d
    main.o(.text) refers to dfixu.o(x$fpl$dfixu) for __aeabi_d2uiz
    main.o(.text) refers to key.o(.text) for KEY_Init
    main.o(.text) refers to delay.o(.text) for delay_init
    main.o(.text) refers to oled.o(.text) for OLED_Init
    main.o(.text) refers to misc.o(.text) for NVIC_PriorityGroupConfig
    main.o(.text) refers to usart.o(.text) for UART_Init
    main.o(.text) refers to timer.o(.text) for TIM3_Int_Init
    main.o(.text) refers to stm32f10x_tim.o(.text) for TIM_Cmd
    main.o(.text) refers to noretval__2printf.o(.text) for __2printf
    main.o(.text) refers to esp8266.o(.text) for Re
    main.o(.text) refers to stm32f10x_usart.o(.text) for USART_GetFlagStatus
    main.o(.text) refers to main.o(.data) for N
    main.o(.text) refers to main.o(.bss) for sintable_OC1_backup
    main.o(.text) refers to esp8266.o(.data) for is_con_slave
    system_stm32f10x.o(.text) refers to system_stm32f10x.o(.data) for SystemCoreClock
    led.o(.text) refers to stm32f10x_rcc.o(.text) for RCC_APB2PeriphClockCmd
    led.o(.text) refers to stm32f10x_gpio.o(.text) for GPIO_Init
    key.o(.text) refers to stm32f10x_rcc.o(.text) for RCC_APB2PeriphClockCmd
    key.o(.text) refers to stm32f10x_gpio.o(.text) for GPIO_Init
    key.o(.text) refers to delay.o(.text) for delay_ms
    key.o(.text) refers to main.o(.data) for impulse_step
    key.o(.text) refers to oled.o(.text) for LCD_Print
    key.o(.text) refers to stm32f10x_tim.o(.text) for TIM_CtrlPWMOutputs
    key.o(.text) refers to esp8266.o(.text) for Net_Init
    key.o(.text) refers to f2d.o(x$fpl$f2d) for __aeabi_f2d
    key.o(.text) refers to daddsub_clz.o(x$fpl$dsub) for __aeabi_dsub
    key.o(.text) refers to d2f.o(x$fpl$d2f) for __aeabi_d2f
    key.o(.text) refers to fleqf.o(x$fpl$fleqf) for __aeabi_cfcmple
    key.o(.text) refers to daddsub_clz.o(x$fpl$dadd) for __aeabi_dadd
    key.o(.text) refers to key.o(.data) for key_up
    timer.o(.text) refers to stm32f10x_rcc.o(.text) for RCC_APB1PeriphClockCmd
    timer.o(.text) refers to stm32f10x_tim.o(.text) for TIM_TimeBaseInit
    timer.o(.text) refers to misc.o(.text) for NVIC_Init
    timer.o(.text) refers to stm32f10x_gpio.o(.text) for GPIO_PinRemapConfig
    oled.o(.text) refers to ffix.o(x$fpl$ffix) for __aeabi_f2iz
    oled.o(.text) refers to fflt_clz.o(x$fpl$fflt) for __aeabi_i2f
    oled.o(.text) refers to faddsub_clz.o(x$fpl$frsb) for __aeabi_frsub
    oled.o(.text) refers to fmul.o(x$fpl$fmul) for __aeabi_fmul
    oled.o(.text) refers to oled.o(.constdata) for F8X16
    oled.o(.text) refers to oled.o(.data) for u_chars
    oled.o(.text) refers to main.o(.data) for U
    oled.o(.text) refers to stm32f10x_rcc.o(.text) for RCC_APB2PeriphClockCmd
    oled.o(.text) refers to stm32f10x_gpio.o(.text) for GPIO_Init
    esp8266.o(.text) refers to stm32f10x_usart.o(.text) for USART_GetFlagStatus
    esp8266.o(.text) refers to oled.o(.text) for LCD_Print
    esp8266.o(.text) refers to delay.o(.text) for delay_ms
    esp8266.o(.text) refers to noretval__2printf.o(.text) for __2printf
    esp8266.o(.text) refers to esp8266.o(.data) for data_i
    esp8266.o(.text) refers to esp8266.o(.bss) for wifi_feedback
    delay.o(.text) refers to misc.o(.text) for SysTick_CLKSourceConfig
    delay.o(.text) refers to system_stm32f10x.o(.data) for SystemCoreClock
    delay.o(.text) refers to delay.o(.data) for fac_us
    usart.o(.text) refers (Special) to use_no_semi_2.o(.text) for __use_no_semihosting
    usart.o(.text) refers to stm32f10x_rcc.o(.text) for RCC_APB1PeriphClockCmd
    usart.o(.text) refers to stm32f10x_gpio.o(.text) for GPIO_Init
    usart.o(.text) refers to misc.o(.text) for NVIC_Init
    usart.o(.text) refers to stm32f10x_usart.o(.text) for USART_Init
    usart.o(.bss) refers (Special) to use_no_semi_2.o(.text) for __use_no_semihosting
    usart.o(.data) refers (Special) to use_no_semi_2.o(.text) for __use_no_semihosting
    myiic.o(.text) refers to stm32f10x_rcc.o(.text) for RCC_APB2PeriphClockCmd
    myiic.o(.text) refers to stm32f10x_gpio.o(.text) for GPIO_Init
    myiic.o(.text) refers to delay.o(.text) for delay_us
    startup_stm32f10x_hd.o(STACK) refers (Special) to heapauxi.o(.text) for __use_two_region_memory
    startup_stm32f10x_hd.o(HEAP) refers (Special) to heapauxi.o(.text) for __use_two_region_memory
[...]
    ../clib/printf.c                         0x00000000   Number         0  _printf_char_common.o ABSOLUTE
    ../clib/printf.c                         0x00000000   Number         0  _printf_char_file.o ABSOLUTE
    ../clib/printf.c                         0x00000000   Number         0  __2printf.o ABSOLUTE
    ../clib/signal.c                         0x00000000   Number         0  defsig_cppl_inner.o ABSOLUTE
    ../clib/signal.c                         0x00000000   Number         0  defsig_pvfn_inner.o ABSOLUTE
    ../clib/signal.c                         0x00000000   Number         0  defsig_stak_inner.o ABSOLUTE
    ../clib/signal.c                         0x00000000   Number         0  defsig_rtmem_formal.o ABSOLUTE
    ../clib/signal.c                         0x00000000   Number         0  defsig_rtmem_outer.o ABSOLUTE
    ../clib/signal.c                         0x00000000   Number         0  defsig_other.o ABSOLUTE
    ../clib/signal.c                         0x00000000   Number         0  defsig_fpe_inner.o ABSOLUTE
    ../clib/signal.c                         0x00000000   Number         0  defsig_rtred_inner.o ABSOLUTE
    ../clib/signal.c                         0x00000000   Number         0  defsig_abrt_inner.o ABSOLUTE
    ../clib/signal.c                         0x00000000   Number         0  defsig_general.o ABSOLUTE
    ../clib/signal.c                         0x00000000   Number         0  __raise.o ABSOLUTE
    ../clib/signal.c                         0x00000000   Number         0  defsig_rtmem_inner.o ABSOLUTE
    ../clib/signal.c                         0x00000000   Number         0  defsig_exit.o ABSOLUTE
    ../clib/signal.c                         0x00000000   Number         0  defsig_segv_inner.o ABSOLUTE
    ../clib/signal.s                         0x00000000   Number         0  defsig.o ABSOLUTE
    ../clib/stdio.c                          0x00000000   Number         0  ferror_locked.o ABSOLUTE
    ../clib/stdio.c                          0x00000000   Number         0  ferror.o ABSOLUTE
    ../clib/stdlib.c                         0x00000000   Number         0  exit.o ABSOLUTE
    ../fplib/d2f.s                           0x00000000   Number         0  d2f.o ABSOLUTE
    ../fplib/daddsub.s                       0x00000000   Number         0  daddsub_clz.o ABSOLUTE
    ../fplib/dcheck1.s                       0x00000000   Number         0  dcheck1.o ABSOLUTE
    ../fplib/ddiv.s                          0x00000000   Number         0  ddiv.o ABSOLUTE
    ../fplib/dfix.s                          0x00000000   Number         0  dfix.o ABSOLUTE
    ../fplib/dfixu.s                         0x00000000   Number         0  dfixu.o ABSOLUTE
    ../fplib/dflt.s                          0x00000000   Number         0  dflt_clz.o ABSOLUTE
    ../fplib/dmul.s                          0x00000000   Number         0  dmul.o ABSOLUTE
    ../fplib/dnaninf.s                       0x00000000   Number         0  dnaninf.o ABSOLUTE
    ../fplib/dretinf.s                       0x00000000   Number         0  dretinf.o ABSOLUTE
    ../fplib/f2d.s                           0x00000000   Number         0  f2d.o ABSOLUTE
    ../fplib/faddsub.s                       0x00000000   Number         0  faddsub_clz.o ABSOLUTE
    ../fplib/fcmpi.s                         0x00000000   Number         0  fcmpi.o ABSOLUTE
    ../fplib/fdiv.s                          0x00000000   Number         0  fdiv.o ABSOLUTE
    ../fplib/ffix.s                          0x00000000   Number         0  ffix.o ABSOLUTE
    ../fplib/fflt.s                          0x00000000   Number         0  fflt_clz.o ABSOLUTE
    ../fplib/fleqf.s                         0x00000000   Number         0  fleqf.o ABSOLUTE
    ../fplib/fmul.s                          0x00000000   Number         0  fmul.o ABSOLUTE
    ../fplib/fnaninf.s                       0x00000000   Number         0  fnaninf.o ABSOLUTE
    ../fplib/fpinit.s                        0x00000000   Number         0  fpinit.o ABSOLUTE
    ../fplib/fretinf.s                       0x00000000   Number         0  fretinf.o ABSOLUTE
    ../fplib/retnan.s                        0x00000000   Number         0  retnan.o ABSOLUTE
    ../fplib/scalbn.s                        0x00000000   Number         0  scalbn.o ABSOLUTE
    ../fplib/trapv.s                         0x00000000   Number         0  trapv.o ABSOLUTE
    ../fplib/usenofp.s                       0x00000000   Number         0  usenofp.o ABSOLUTE
    ../mathlib/cos_i.c                       0x00000000   Number         0  cos_i.o ABSOLUTE
    ../mathlib/dunder.c                      0x00000000   Number         0  dunder.o ABSOLUTE
    ../mathlib/fpclassify.c                  0x00000000   Number         0  fpclassify.o ABSOLUTE
    ../mathlib/poly.c                        0x00000000   Number         0  poly.o ABSOLUTE
    ../mathlib/rred.c                        0x00000000   Number         0  rred.o ABSOLUTE
    ../mathlib/sin.c                         0x00000000   Number         0  sin_x.o ABSOLUTE
    ../mathlib/sin.c                         0x00000000   Number         0  sin.o ABSOLUTE
    ../mathlib/sin_i.c                       0x00000000   Number         0  sin_i_x.o ABSOLUTE
    ../mathlib/sin_i.c                       0x00000000   Number         0  sin_i.o ABSOLUTE
    ..\CORE\core_cm3.c                       0x00000000   Number         0  core_cm3.o ABSOLUTE
    ..\CORE\startup_stm32f10x_hd.s           0x00000000   Number         0  startup_stm32f10x_hd.o ABSOLUTE
    ..\HARDWARE\KEY\key.c                    0x00000000   Number         0  key.o ABSOLUTE
    ..\HARDWARE\LED\led.c                    0x00000000   Number         0  led.o ABSOLUTE
    ..\HARDWARE\OLED\oled.c                  0x00000000   Number         0  oled.o ABSOLUTE
    ..\HARDWARE\TIMER\timer.c                0x00000000   Number         0  timer.o ABSOLUTE
    ..\HARDWARE\WIFI\esp8266.c               0x00000000   Number         0  esp8266.o ABSOLUTE
    ..\STM32F10x_FWLib\src\misc.c            0x00000000   Number         0  misc.o ABSOLUTE
    ..\STM32F10x_FWLib\src\stm32f10x_fsmc.c  0x00000000   Number         0  stm32f10x_fsmc.o ABSOLUTE
    ..\STM32F10x_FWLib\src\stm32f10x_gpio.c  0x00000000   Number         0  stm32f10x_gpio.o ABSOLUTE
    ..\STM32F10x_FWLib\src\stm32f10x_rcc.c   0x00000000   Number         0  stm32f10x_rcc.o ABSOLUTE
    ..\STM32F10x_FWLib\src\stm32f10x_tim.c   0x00000000   Number         0  stm32f10x_tim.o ABSOLUTE
    ..\STM32F10x_FWLib\src\stm32f10x_usart.c 0x00000000   Number         0  stm32f10x_usart.o ABSOLUTE
    ..\SYSTEM\delay\delay.c                  0x00000000   Number         0  delay.o ABSOLUTE
    ..\SYSTEM\iic\myiic.c                    0x00000000   Number         0  myiic.o ABSOLUTE
    ..\SYSTEM\sys\sys.c                      0x00000000   Number         0  sys.o ABSOLUTE
    ..\SYSTEM\usart\usart.c                  0x00000000   Number         0  usart.o ABSOLUTE
    ..\\CORE\\core_cm3.c                     0x00000000   Number         0  core_cm3.o ABSOLUTE
    ..\\SYSTEM\\sys\\sys.c                   0x00000000   Number         0  sys.o ABSOLUTE
    dc.s                                     0x00000000   Number         0  dc.o ABSOLUTE
    main.c                                   0x00000000   Number         0  main.o ABSOLUTE
    stm32f10x_it.c                           0x00000000   Number         0  stm32f10x_it.o ABSOLUTE
    system_stm32f10x.c                       0x00000000   Number         0  system_stm32f10x.o ABSOLUTE
    RESET                                    0x08000000   Section      304  startup_stm32f10x_hd.o(RESET)
    !!!main                                  0x08000130   Section        8  __main.o(!!!main)
    !!!scatter                               0x08000138   Section       52  __scatter.o(!!!scatter)
    !!handler_copy                           0x0800016c   Section       26  __scatter_copy.o(!!handler_copy)
    !!handler_zi                             0x08000188   Section       28  __scatter_zi.o(!!handler_zi)
    .ARM.Collect$$libinit$$00000000          0x080001a4   Section        2  libinit.o(.ARM.Collect$$libinit$$00000000)
    .ARM.Collect$$libinit$$00000002          0x080001a6   Section        0  libinit2.o(.ARM.Collect$$libinit$$00000002)
    .ARM.Collect$$libinit$$00000004          0x080001a6   Section        0  libinit2.o(.ARM.Collect$$libinit$$00000004)
    .ARM.Collect$$libinit$$0000000A          0x080001a6   Section        0  libinit2.o(.ARM.Collect$$libinit$$0000000A)
    .ARM.Collect$$libinit$$0000000C          0x080001a6   Section        0  libinit2.o(.ARM.Collect$$libinit$$0000000C)
    .ARM.Collect$$libinit$$0000000E          0x080001a6   Section        0  libinit2.o(.ARM.Collect$$libinit$$0000000E)
    .ARM.Collect$$libinit$$00000011          0x080001a6   Section        0  libinit2.o(.ARM.Collect$$libinit$$00000011)
    .ARM.Collect$$libinit$$00000013          0x080001a6   Section        0  libinit2.o(.ARM.Collect$$libinit$$00000013)
    .ARM.Collect$$libinit$$00000015          0x080001a6   Section        0  libinit2.o(.ARM.Collect$$libinit$$00000015)
    .ARM.Collect$$libinit$$00000017          0x080001a6   Section        0  libinit2.o(.ARM.Collect$$libinit$$00000017)
    .ARM.Collect$$libinit$$00000019          0x080001a6   Section        0  libinit2.o(.ARM.Collect$$libinit$$00000019)
    .ARM.Collect$$libinit$$0000001B          0x080001a6   Section        0  libinit2.o(.ARM.Collect$$libinit$$0000001B)
    .ARM.Collect$$libinit$$0000001D          0x080001a6   Section        0  libinit2.o(.ARM.Collect$$libinit$$0000001D)
    .ARM.Collect$$libinit$$0000001F          0x080001a6   Section        0  libinit2.o(.ARM.Collect$$libinit$$0000001F)
    .ARM.Collect$$libinit$$00000021          0x080001a6   Section        0  libinit2.o(.ARM.Collect$$libinit$$00000021)
    .ARM.Collect$$libinit$$00000023          0x080001a6   Section        0  libinit2.o(.ARM.Collect$$libinit$$00000023)
    .ARM.Collect$$libinit$$00000025          0x080001a6   Section        0  libinit2.o(.ARM.Collect$$libinit$$00000025)
    .ARM.Collect$$libinit$$0000002C          0x080001a6   Section        0  libinit2.o(.ARM.Collect$$libinit$$0000002C)
    .ARM.Collect$$libinit$$0000002E          0x080001a6   Section        0  libinit2.o(.ARM.Collect$$libinit$$0000002E)
    .ARM.Collect$$libinit$$00000030          0x080001a6   Section        0  libinit2.o(.ARM.Collect$$libinit$$00000030)
    .ARM.Collect$$libinit$$00000032          0x080001a6   Section        0  libinit2.o(.ARM.Collect$$libinit$$00000032)
    .ARM.Collect$$libinit$$00000033          0x080001a6   Section        2  libinit2.o(.ARM.Collect$$libinit$$00000033)
    .ARM.Collect$$libshutdown$$00000000      0x080001a8   Section        2  libshutdown.o(.ARM.Collect$$libshutdown$$00000000)
    .ARM.Collect$$libshutdown$$00000003      0x080001aa   Section        0  libshutdown2.o(.ARM.Collect$$libshutdown$$00000003)
    .ARM.Collect$$libshutdown$$00000006      0x080001aa   Section        0  libshutdown2.o(.ARM.Collect$$libshutdown$$00000006)
    .ARM.Collect$$libshutdown$$00000009      0x080001aa   Section        0  libshutdown2.o(.ARM.Collect$$libshutdown$$00000009)
    .ARM.Collect$$libshutdown$$0000000B      0x080001aa   Section        0  libshutdown2.o(.ARM.Collect$$libshutdown$$0000000B)
    .ARM.Collect$$libshutdown$$0000000E      0x080001aa   Section        0  libshutdown2.o(.ARM.Collect$$libshutdown$$0000000E)
    .ARM.Collect$$libshutdown$$0000000F      0x080001aa   Section        2  libshutdown2.o(.ARM.Collect$$libshutdown$$0000000F)
    .ARM.Collect$$rtentry$$00000000          0x080001ac   Section        0  __rtentry.o(.ARM.Collect$$rtentry$$00000000)
    .ARM.Collect$$rtentry$$00000002          0x080001ac   Section        0  __rtentry2.o(.ARM.Collect$$rtentry$$00000002)
    .ARM.Collect$$rtentry$$00000004          0x080001ac   Section        6  __rtentry4.o(.ARM.Collect$$rtentry$$00000004)
    .ARM.Collect$$rtentry$$00000009          0x080001b2   Section        0  __rtentry2.o(.ARM.Collect$$rtentry$$00000009)
    .ARM.Collect$$rtentry$$0000000A          0x080001b2   Section        4  __rtentry2.o(.ARM.Collect$$rtentry$$0000000A)
    .ARM.Collect$$rtentry$$0000000C          0x080001b6   Section        0  __rtentry2.o(.ARM.Collect$$rtentry$$0000000C)
    .ARM.Collect$$rtentry$$0000000D          0x080001b6   Section        8  __rtentry2.o(.ARM.Collect$$rtentry$$0000000D)
    .ARM.Collect$$rtexit$$00000000           0x080001be   Section        2  rtexit.o(.ARM.Collect$$rtexit$$00000000)
    .ARM.Collect$$rtexit$$00000002           0x080001c0   Section        0  rtexit2.o(.ARM.Collect$$rtexit$$00000002)
    .ARM.Collect$$rtexit$$00000003           0x080001c0   Section        4  rtexit2.o(.ARM.Collect$$rtexit$$00000003)
    .ARM.Collect$$rtexit$$00000004           0x080001c4   Section        6  rtexit2.o(.ARM.Collect$$rtexit$$00000004)
    .text                                    0x080001cc   Section        0  main.o(.text)
    .text                                    0x08000818   Section        0  stm32f10x_it.o(.text)
    .text                                    0x08000834   Section        0  system_stm32f10x.o(.text)
    SetSysClockTo72                          0x08000835   Thumb Code   214  system_stm32f10x.o(.text)
    SetSysClock                              0x0800090b   Thumb Code     8  system_stm32f10x.o(.text)
    .text                                    0x08000a14   Section        0  key.o(.text)
    .text                                    0x08001000   Section        0  timer.o(.text)
    .text                                    0x080013e0   Section        0  oled.o(.text)
    .text                                    0x08001b9c   Section        0  esp8266.o(.text)
    .text                                    0x080023c8   Section        0  delay.o(.text)
    .text                                    0x0800249c   Section        0  usart.o(.text)
    .text                                    0x08002554   Section       64  startup_stm32f10x_hd.o(.text)
    .text                                    0x08002594   Section        0  misc.o(.text)
    .text                                    0x08002670   Section        0  stm32f10x_gpio.o(.text)
    .text                                    0x080029cc   Section        0  stm32f10x_rcc.o(.text)
    .text                                    0x08002d70   Section        0  stm32f10x_tim.o(.text)
    TI4_Config                               0x08003217   Thumb Code   130  stm32f10x_tim.o(.text)
    TI3_Config                               0x080032ab   Thumb Code   122  stm32f10x_tim.o(.text)
    TI2_Config                               0x0800333f   Thumb Code   130  stm32f10x_tim.o(.text)
    TI1_Config                               0x080033d3   Thumb Code   108  stm32f10x_tim.o(.text)
    .text                                    0x08003b8c   Section        0  stm32f10x_usart.o(.text)
    .text                                    0x08003f94   Section        2  use_no_semi_2.o(.text)
    .text                                    0x08003f98   Section        0  noretval__2printf.o(.text)
    .text                                    0x08003fb0   Section        0  heapauxi.o(.text)
    .text                                    0x08003fb6   Section        2  use_no_semi.o(.text)
    .text                                    0x08003fb8   Section        0  _rserrno.o(.text)
    .text                                    0x08003fd0   Section        0  _printf_char_file.o(.text)
    .text                                    0x08003ff4   Section        8  rt_errno_addr_intlibspace.o(.text)
    .text                                    0x08003ffc   Section        0  _printf_char_common.o(.text)
    _printf_input_char                       0x08003ffd   Thumb Code    10  _printf_char_common.o(.text)
    .text                                    0x0800402c   Section        0  ferror.o(.text)
    .text                                    0x08004034   Section        8  libspace.o(.text)
    .text                                    0x0800403c   Section       74  sys_stackheap_outer.o(.text)
    .text                                    0x08004086   Section        0  __printf_nopercent.o(.text)
    .text                                    0x080040ae   Section        0  exit.o(.text)
    i.__ARM_fpclassify                       0x080040ba   Section        0  fpclassify.o(i.__ARM_fpclassify)
    i.__ieee754_rem_pio2                     0x080040e4   Section        0  rred.o(i.__ieee754_rem_pio2)
    i.__kernel_cos                           0x0800446c   Section        0  cos_i.o(i.__kernel_cos)
    i.__kernel_poly                          0x08004568   Section        0  poly.o(i.__kernel_poly)
    i.__kernel_sin                           0x08004614   Section        0  sin_i.o(i.__kernel_sin)
    i.__mathlib_dbl_infnan                   0x08004700   Section        0  dunder.o(i.__mathlib_dbl_infnan)
    i.__mathlib_dbl_invalid                  0x08004706   Section        0  dunder.o(i.__mathlib_dbl_invalid)
    i.__mathlib_dbl_underflow                0x08004714   Section        0  dunder.o(i.__mathlib_dbl_underflow)
    i.sin                                    0x08004724   Section        0  sin.o(i.sin)
    x$fpl$d2f                                0x080047c4   Section       98  d2f.o(x$fpl$d2f)
    x$fpl$dadd                               0x08004828   Section      336  daddsub_clz.o(x$fpl$dadd)
    _dadd1                                   0x08004839   Thumb Code     0  daddsub_clz.o(x$fpl$dadd)
    x$fpl$dcheck1                            0x08004978   Section       16  dcheck1.o(x$fpl$dcheck1)
    x$fpl$ddiv                               0x08004988   Section      688  ddiv.o(x$fpl$ddiv)
    ddiv_entry                               0x0800498f   Thumb Code     0  ddiv.o(x$fpl$ddiv)
    x$fpl$dfix                               0x08004c38   Section       94  dfix.o(x$fpl$dfix)
    x$fpl$dfixu                              0x08004c98   Section       90  dfixu.o(x$fpl$dfixu)
    x$fpl$dflt                               0x08004cf2   Section       46  dflt_clz.o(x$fpl$dflt)
    x$fpl$dfltu                              0x08004d20   Section       38  dflt_clz.o(x$fpl$dfltu)
    x$fpl$dmul                               0x08004d48   Section      340  dmul.o(x$fpl$dmul)
    x$fpl$dnaninf                            0x08004e9c   Section      156  dnaninf.o(x$fpl$dnaninf)
    x$fpl$dretinf                            0x08004f38   Section       12  dretinf.o(x$fpl$dretinf)
    x$fpl$drsb                               0x08004f44   Section       22  daddsub_clz.o(x$fpl$drsb)
    x$fpl$dsub                               0x08004f5c   Section      468  daddsub_clz.o(x$fpl$dsub)
    _dsub1                                   0x08004f6d   Thumb Code     0  daddsub_clz.o(x$fpl$dsub)
    x$fpl$f2d                                0x08005130   Section       86  f2d.o(x$fpl$f2d)
    x$fpl$fadd                               0x08005188   Section      196  faddsub_clz.o(x$fpl$fadd)
    _fadd1                                   0x08005197   Thumb Code     0  faddsub_clz.o(x$fpl$fadd)
    x$fpl$fcmpinf                            0x0800524c   Section       24  fcmpi.o(x$fpl$fcmpinf)
    x$fpl$fdiv                               0x08005264   Section      388  fdiv.o(x$fpl$fdiv)
    _fdiv1                                   0x08005265   Thumb Code     0  fdiv.o(x$fpl$fdiv)
    x$fpl$ffix                               0x080053e8   Section       54  ffix.o(x$fpl$ffix)
    x$fpl$fflt                               0x08005420   Section       48  fflt_clz.o(x$fpl$fflt)
    x$fpl$fleqf                              0x08005450   Section      104  fleqf.o(x$fpl$fleqf)
    x$fpl$fmul                               0x080054b8   Section      258  fmul.o(x$fpl$fmul)
    x$fpl$fnaninf                            0x080055ba   Section      140  fnaninf.o(x$fpl$fnaninf)
    x$fpl$fretinf                            0x08005646   Section       10  fretinf.o(x$fpl$fretinf)
    x$fpl$frsb                               0x08005650   Section       20  faddsub_clz.o(x$fpl$frsb)
    x$fpl$fsub                               0x08005664   Section      234  faddsub_clz.o(x$fpl$fsub)
    _fsub1                                   0x08005673   Thumb Code     0  faddsub_clz.o(x$fpl$fsub)
    x$fpl$retnan                             0x0800574e   Section      100  retnan.o(x$fpl$retnan)
    x$fpl$scalbn                             0x080057b2   Section       92  scalbn.o(x$fpl$scalbn)
    x$fpl$trapveneer                         0x0800580e   Section       48  trapv.o(x$fpl$trapveneer)
    .constdata                               0x0800583e   Section     3543  oled.o(.constdata)
    x$fpl$usenofp                            0x0800583e   Section        0  usenofp.o(x$fpl$usenofp)
    .constdata                               0x08006618   Section       48  cos_i.o(.constdata)
    C                                        0x08006618   Data          48  cos_i.o(.constdata)
    .constdata                               0x08006648   Section      200  rred.o(.constdata)
    pio2s                                    0x08006648   Data          48  rred.o(.constdata)
    twooverpi                                0x08006678   Data         152  rred.o(.constdata)
    .constdata                               0x08006710   Section       40  sin_i.o(.constdata)
    S                                        0x08006710   Data          40  sin_i.o(.constdata)
    .data                                    0x20000000   Section       64  main.o(.data)
    point                                    0x2000003c   Data           4  main.o(.data)
    .data                                    0x20000040   Section       20  system_stm32f10x.o(.data)
    .data                                    0x20000054   Section        1  key.o(.data)
    key_up                                   0x20000054   Data           1  key.o(.data)
    .data                                    0x20000055   Section       17  oled.o(.data)
    .data                                    0x20000068   Section       24  esp8266.o(.data)
    .data                                    0x20000080   Section        4  delay.o(.data)
    fac_us                                   0x20000080   Data           1  delay.o(.data)
    fac_ms                                   0x20000082   Data           2  delay.o(.data)
    .data                                    0x20000084   Section        6  usart.o(.data)
    .data                                    0x2000008a   Section       20  stm32f10x_rcc.o(.data)
    APBAHBPrescTable                         0x2000008a   Data          16  stm32f10x_rcc.o(.data)
    ADCPrescTable                            0x2000009a   Data           4  stm32f10x_rcc.o(.data)
    .bss                                     0x200000a0   Section     6400  main.o(.bss)
    .bss                                     0x200019a0   Section      200  esp8266.o(.bss)
    .bss                                     0x20001a68   Section       96  libspace.o(.bss)
    HEAP                                     0x20001ac8   Section      512  startup_stm32f10x_hd.o(HEAP)
    Heap_Mem                                 0x20001ac8   Data         512  startup_stm32f10x_hd.o(HEAP)
    STACK                                    0x20001cc8   Section     1024  startup_stm32f10x_hd.o(STACK)
    Stack_Mem                                0x20001cc8   Data        1024  startup_stm32f10x_hd.o(STACK)
    __initial_sp                             0x200020c8   Data           0  startup_stm32f10x_hd.o(STACK)

    Global Symbols

    Symbol Name                              Value     Ov Type        Size  Object(Section)

    BuildAttributes$$THM_ISAv4$P$D$K$B$S$PE$A:L22UL41UL21$X:L11$S22US41US21$IEEE1$IW$USESV6$~STKCKD$USESV7$~SHL$OTIME$ROPI$IEEEX$EBA8$UX$STANDARDLIB$REQ8$PRES8$EABIv2 0x00000000   Number         0  anon$$obj.o ABSOLUTE
    __ARM_use_no_argv                        0x00000000   Number         0  main.o ABSOLUTE
    __ARM_exceptions_init                     - Undefined Weak Reference
    __alloca_initialize                       - Undefined Weak Reference
    __arm_preinit_                            - Undefined Weak Reference
    __cpp_initialize__aeabi_                  - Undefined Weak Reference
    __cxa_finalize                            - Undefined Weak Reference
    __rt_locale                               - Undefined Weak Reference
    __sigvec_lookup                           - Undefined Weak Reference
    _atexit_init                              - Undefined Weak Reference
    _call_atexit_fns                          - Undefined Weak Reference
    _clock_init                               - Undefined Weak Reference
    _fp_trap_init                             - Undefined Weak Reference
    _fp_trap_shutdown                         - Undefined Weak Reference
    _get_lc_collate                           - Undefined Weak Reference
    _get_lc_ctype                             - Undefined Weak Reference
    _get_lc_monetary                          - Undefined Weak Reference
    _get_lc_numeric                           - Undefined Weak Reference
    _get_lc_time                              - Undefined Weak Reference
    _getenv_init                              - Undefined Weak Reference
    _handle_redirection                       - Undefined Weak Reference
    _init_alloc                               - Undefined Weak Reference
    _init_user_alloc                          - Undefined Weak Reference
    _initio                                   - Undefined Weak Reference
    _mutex_acquire                            - Undefined Weak Reference
    _mutex_release                            - Undefined Weak Reference
    _rand_init                                - Undefined Weak Reference
    _signal_finish                            - Undefined Weak Reference
    _signal_init                              - Undefined Weak Reference
    _terminate_alloc                          - Undefined Weak Reference
    _terminate_user_alloc                     - Undefined Weak Reference
    _terminateio                              - Undefined Weak Reference
    __Vectors_Size                           0x00000130   Number         0  startup_stm32f10x_hd.o ABSOLUTE
    __Vectors                                0x08000000   Data           4  startup_stm32f10x_hd.o(RESET)
    __Vectors_End                            0x08000130   Data           0  startup_stm32f10x_hd.o(RESET)
    __main                                   0x08000131   Thumb Code     8  __main.o(!!!main)
    __scatterload                            0x08000139   Thumb Code     0  __scatter.o(!!!scatter)
    __scatterload_rt2                        0x08000139   Thumb Code    44  __scatter.o(!!!scatter)
    __scatterload_rt2_thumb_only             0x08000139   Thumb Code     0  __scatter.o(!!!scatter)
    __scatterload_null                       0x08000147   Thumb Code     0  __scatter.o(!!!scatter)
    __scatterload_copy                       0x0800016d   Thumb Code    26  __scatter_copy.o(!!handler_copy)
    __scatterload_zeroinit                   0x08000189   Thumb Code    28  __scatter_zi.o(!!handler_zi)
    __rt_lib_init                            0x080001a5   Thumb Code     0  libinit.o(.ARM.Collect$$libinit$$00000000)
    __rt_lib_init_alloca_1                   0x080001a7   Thumb Code     0  libinit2.o(.ARM.Collect$$libinit$$0000002E)
    __rt_lib_init_argv_1                     0x080001a7   Thumb Code     0  libinit2.o(.ARM.Collect$$libinit$$0000002C)
    __rt_lib_init_atexit_1                   0x080001a7   Thumb Code     0  libinit2.o(.ARM.Collect$$libinit$$0000001B)
    __rt_lib_init_clock_1                    0x080001a7   Thumb Code     0  libinit2.o(.ARM.Collect$$libinit$$00000021)
    __rt_lib_init_cpp_1                      0x080001a7   Thumb Code     0  libinit2.o(.ARM.Collect$$libinit$$00000032)
    __rt_lib_init_exceptions_1               0x080001a7   Thumb Code     0  libinit2.o(.ARM.Collect$$libinit$$00000030)
    __rt_lib_init_fp_1                       0x080001a7   Thumb Code     0  libinit2.o(.ARM.Collect$$libinit$$00000002)
    __rt_lib_init_fp_trap_1                  0x080001a7   Thumb Code     0  libinit2.o(.ARM.Collect$$libinit$$0000001F)
    __rt_lib_init_getenv_1                   0x080001a7   Thumb Code     0  libinit2.o(.ARM.Collect$$libinit$$00000023)
    __rt_lib_init_heap_1                     0x080001a7   Thumb Code     0  libinit2.o(.ARM.Collect$$libinit$$0000000A)
    __rt_lib_init_lc_collate_1               0x080001a7   Thumb Code     0  libinit2.o(.ARM.Collect$$libinit$$00000011)
    __rt_lib_init_lc_ctype_1                 0x080001a7   Thumb Code     0  libinit2.o(.ARM.Collect$$libinit$$00000013)
    __rt_lib_init_lc_monetary_1              0x080001a7   Thumb Code     0  libinit2.o(.ARM.Collect$$libinit$$00000015)
    __rt_lib_init_lc_numeric_1               0x080001a7   Thumb Code     0  libinit2.o(.ARM.Collect$$libinit$$00000017)
    __rt_lib_init_lc_time_1                  0x080001a7   Thumb Code     0  libinit2.o(.ARM.Collect$$libinit$$00000019)
    __rt_lib_init_preinit_1                  0x080001a7   Thumb Code     0  libinit2.o(.ARM.Collect$$libinit$$00000004)
    __rt_lib_init_rand_1                     0x080001a7   Thumb Code     0  libinit2.o(.ARM.Collect$$libinit$$0000000E)
    __rt_lib_init_return                     0x080001a7   Thumb Code     0  libinit2.o(.ARM.Collect$$libinit$$00000033)
    __rt_lib_init_signal_1                   0x080001a7   Thumb Code     0  libinit2.o(.ARM.Collect$$libinit$$0000001D)
    __rt_lib_init_stdio_1                    0x080001a7   Thumb Code     0  libinit2.o(.ARM.Collect$$libinit$$00000025)
    __rt_lib_init_user_alloc_1               0x080001a7   Thumb Code     0  libinit2.o(.ARM.Collect$$libinit$$0000000C)
    __rt_lib_shutdown                        0x080001a9   Thumb Code     0  libshutdown.o(.ARM.Collect$$libshutdown$$00000000)
    __rt_lib_shutdown_fp_trap_1              0x080001ab   Thumb Code     0  libshutdown2.o(.ARM.Collect$$libshutdown$$00000006)
    __rt_lib_shutdown_heap_1                 0x080001ab   Thumb Code     0  libshutdown2.o(.ARM.Collect$$libshutdown$$0000000E)
    __rt_lib_shutdown_return                 0x080001ab   Thumb Code     0  libshutdown2.o(.ARM.Collect$$libshutdown$$0000000F)
    __rt_lib_shutdown_signal_1               0x080001ab   Thumb Code     0  libshutdown2.o(.ARM.Collect$$libshutdown$$00000009)
    __rt_lib_shutdown_stdio_1                0x080001ab   Thumb Code     0  libshutdown2.o(.ARM.Collect$$libshutdown$$00000003)
    __rt_lib_shutdown_user_alloc_1           0x080001ab   Thumb Code     0  libshutdown2.o(.ARM.Collect$$libshutdown$$0000000B)
    __rt_entry                               0x080001ad   Thumb Code     0  __rtentry.o(.ARM.Collect$$rtentry$$00000000)
    __rt_entry_presh_1                       0x080001ad   Thumb Code     0  __rtentry2.o(.ARM.Collect$$rtentry$$00000002)
    __rt_entry_sh                            0x080001ad   Thumb Code     0  __rtentry4.o(.ARM.Collect$$rtentry$$00000004)
    __rt_entry_li                            0x080001b3   Thumb Code     0  __rtentry2.o(.ARM.Collect$$rtentry$$0000000A)
    __rt_entry_postsh_1                      0x080001b3   Thumb Code     0  __rtentry2.o(.ARM.Collect$$rtentry$$00000009)
    __rt_entry_main                          0x080001b7   Thumb Code     0  __rtentry2.o(.ARM.Collect$$rtentry$$0000000D)
    __rt_entry_postli_1                      0x080001b7   Thumb Code     0  __rtentry2.o(.ARM.Collect$$rtentry$$0000000C)
    __rt_exit                                0x080001bf   Thumb Code     0  rtexit.o(.ARM.Collect$$rtexit$$00000000)
    __rt_exit_ls                             0x080001c1   Thumb Code     0  rtexit2.o(.ARM.Collect$$rtexit$$00000003)
    __rt_exit_prels_1                        0x080001c1   Thumb Code     0  rtexit2.o(.ARM.Collect$$rtexit$$00000002)
    __rt_exit_exit                           0x080001c5   Thumb Code     0  rtexit2.o(.ARM.Collect$$rtexit$$00000004)
    calculetaTable                           0x080001cd   Thumb Code   512  main.o(.text)
    main                                     0x080003cd   Thumb Code   256  main.o(.text)
    TIM3_IRQHandler                          0x080004cd   Thumb Code   466  main.o(.text)
    TIM1_UP_IRQHandler                       0x0800069f   Thumb Code   286  main.o(.text)
    NMI_Handler                              0x08000819   Thumb Code     2  stm32f10x_it.o(.text)
    HardFault_Handler                        0x0800081b   Thumb Code     4  stm32f10x_it.o(.text)
    MemManage_Handler                        0x0800081f   Thumb Code     4  stm32f10x_it.o(.text)
    BusFault_Handler                         0x08000823   Thumb Code     4  stm32f10x_it.o(.text)
    UsageFault_Handler                       0x08000827   Thumb Code     4  stm32f10x_it.o(.text)
    SVC_Handler                              0x0800082b   Thumb Code     2  stm32f10x_it.o(.text)
    DebugMon_Handler                         0x0800082d   Thumb Code     2  stm32f10x_it.o(.text)
    PendSV_Handler                           0x0800082f   Thumb Code     2  stm32f10x_it.o(.text)
    SysTick_Handler                          0x08000831   Thumb Code     2  stm32f10x_it.o(.text)
    SystemInit                               0x08000913   Thumb Code    78  system_stm32f10x.o(.text)
    SystemCoreClockUpdate                    0x08000961   Thumb Code   142  system_stm32f10x.o(.text)
    KEY_Init                                 0x08000a15   Thumb Code    52  key.o(.text)
    MatrixKey_Init                           0x08000a49   Thumb Code    72  key.o(.text)
    MatrixKey_Scan                           0x08000a91   Thumb Code   756  key.o(.text)
    keyfunc                                  0x08000d85   Thumb Code   450  key.o(.text)
    KEY_Scan                                 0x08000f47   Thumb Code   114  key.o(.text)
    TIM3_Int_Init                            0x08001001   Thumb Code    84  timer.o(.text)
    TIM3_PWM_Init                            0x08001055   Thumb Code   130  timer.o(.text)
    TIM3_SPWM_Init                           0x080010d7   Thumb Code     2  timer.o(.text)
    TIM1_SPWM_Init                           0x080010d9   Thumb Code   238  timer.o(.text)
    TIM8_PWM_Init                            0x080011c7   Thumb Code   260  timer.o(.text)
    TIM_MasterSlaveModeInit                  0x080012cb   Thumb Code    36  timer.o(.text)
    LED_GPIO_Config                          0x080012ef   Thumb Code    86  timer.o(.text)
    TIM2_NVIC_Configuration                  0x08001345   Thumb Code    42  timer.o(.text)
    TIM2_Configuration                       0x0800136f   Thumb Code    80  timer.o(.text)
    intTo3chars                              0x080013e1   Thumb Code   122  oled.o(.text)
    floatTo5chars                            0x0800145b   Thumb Code    94  oled.o(.text)
    LCD_WrDat                                0x080014b9   Thumb Code    70  oled.o(.text)
    LCD_WrCmd                                0x080014ff   Thumb Code    68  oled.o(.text)
    LCD_Set_Pos                              0x08001543   Thumb Code    40  oled.o(.text)
    LCD_P8x16Str                             0x0800156b   Thumb Code   130  oled.o(.text)
    LCD_P14x16Str                            0x080015ed   Thumb Code   246  oled.o(.text)
    LCD_Print                                0x080016e3   Thumb Code   100  oled.o(.text)
    showdata_init                            0x08001747   Thumb Code   164  oled.o(.text)
    showdata                                 0x080017eb   Thumb Code   126  oled.o(.text)
    Dly_ms                                   0x08001869   Thumb Code   168  oled.o(.text)
    LCD_Fill                                 0x08001911   Thumb Code    58  oled.o(.text)
    LCD_CLS                                  0x0800194b   Thumb Code    56  oled.o(.text)
    LCD_DLY_ms                               0x08001983   Thumb Code    24  oled.o(.text)
    OLED_Init                                0x0800199b   Thumb Code   280  oled.o(.text)
    LCD_P6x8Str                              0x08001ab3   Thumb Code    96  oled.o(.text)
    LCD_PutPixel                             0x08001b13   Thumb Code    64  oled.o(.text)
    LCD_PutPixel2                            0x08001b53   Thumb Code    46  oled.o(.text)
    Re                                       0x08001b9d   Thumb Code   308  esp8266.o(.text)
    Net_Init                                 0x08001cd1   Thumb Code   616  esp8266.o(.text)
    USART3_IRQHandler                        0x08001f39   Thumb Code  1012  esp8266.o(.text)
    Receive                                  0x0800232d   Thumb Code    88  esp8266.o(.text)
    delay_init                               0x080023c9   Thumb Code    50  delay.o(.text)
    delay_us                                 0x080023fb   Thumb Code    72  delay.o(.text)
    delay_ms                                 0x08002443   Thumb Code    72  delay.o(.text)
    _sys_exit                                0x0800249d   Thumb Code     6  usart.o(.text)
    fputc                                    0x080024a3   Thumb Code    24  usart.o(.text)
    UART_Init                                0x080024bb   Thumb Code   146  usart.o(.text)
    Reset_Handler                            0x08002555   Thumb Code     8  startup_stm32f10x_hd.o(.text)
    ADC1_2_IRQHandler                        0x0800256f   Thumb Code     0  startup_stm32f10x_hd.o(.text)
    ADC3_IRQHandler                          0x0800256f   Thumb Code     0  startup_stm32f10x_hd.o(.text)
    CAN1_RX1_IRQHandler                      0x0800256f   Thumb Code     0  startup_stm32f10x_hd.o(.text)
    CAN1_SCE_IRQHandler                      0x0800256f   Thumb Code     0  startup_stm32f10x_hd.o(.text)
    DMA1_Channel1_IRQHandler                 0x0800256f   Thumb Code     0  startup_stm32f10x_hd.o(.text)
    DMA1_Channel2_IRQHandler                 0x0800256f   Thumb Code     0  startup_stm32f10x_hd.o(.text)
    DMA1_Channel3_IRQHandler                 0x0800256f   Thumb Code     0  startup_stm32f10x_hd.o(.text)
    DMA1_Channel4_IRQHandler                 0x0800256f   Thumb Code     0  startup_stm32f10x_hd.o(.text)
    DMA1_Channel5_IRQHandler                 0x0800256f   Thumb Code     0  startup_stm32f10x_hd.o(.text)
    DMA1_Channel6_IRQHandler                 0x0800256f   Thumb Code     0  startup_stm32f10x_hd.o(.text)
    DMA1_Channel7_IRQHandler                 0x0800256f   Thumb Code     0  startup_stm32f10x_hd.o(.text)
    DMA2_Channel1_IRQHandler                 0x0800256f   Thumb Code     0  startup_stm32f10x_hd.o(.text)
    DMA2_Channel2_IRQHandler                 0x0800256f   Thumb Code     0  startup_stm32f10x_hd.o(.text)
    DMA2_Channel3_IRQHandler                 0x0800256f   Thumb Code     0  startup_stm32f10x_hd.o(.text)
    DMA2_Channel4_5_IRQHandler               0x0800256f   Thumb Code     0  startup_stm32f10x_hd.o(.text)
    EXTI0_IRQHandler                         0x0800256f   Thumb Code     0  startup_stm32f10x_hd.o(.text)
    EXTI15_10_IRQHandler                     0x0800256f   Thumb Code     0  startup_stm32f10x_hd.o(.text)
    EXTI1_IRQHandler                         0x0800256f   Thumb Code     0  startup_stm32f10x_hd.o(.text)
    EXTI2_IRQHandler                         0x0800256f   Thumb Code     0  startup_stm32f10x_hd.o(.text)
    EXTI3_IRQHandler                         0x0800256f   Thumb Code     0  startup_stm32f10x_hd.o(.text)
    EXTI4_IRQHandler                         0x0800256f   Thumb Code     0  startup_stm32f10x_hd.o(.text)
    EXTI9_5_IRQHandler                       0x0800256f   Thumb Code     0  startup_stm32f10x_hd.o(.text)
    FLASH_IRQHandler                         0x0800256f   Thumb Code     0  startup_stm32f10x_hd.o(.text)
    FSMC_IRQHandler                          0x0800256f   Thumb Code     0  startup_stm32f10x_hd.o(.text)
    I2C1_ER_IRQHandler                       0x0800256f   Thumb Code     0  startup_stm32f10x_hd.o(.text)
    I2C1_EV_IRQHandler                       0x0800256f   Thumb Code     0  startup_stm32f10x_hd.o(.text)
    I2C2_ER_IRQHandler                       0x0800256f   Thumb Code     0  startup_stm32f10x_hd.o(.text)
    I2C2_EV_IRQHandler                       0x0800256f   Thumb Code     0  startup_stm32f10x_hd.o(.text)
    PVD_IRQHandler                           0x0800256f   Thumb Code     0  startup_stm32f10x_hd.o(.text)
    RCC_IRQHandler                           0x0800256f   Thumb Code     0  startup_stm32f10x_hd.o(.text)
    RTCAlarm_IRQHandler                      0x0800256f   Thumb Code     0  startup_stm32f10x_hd.o(.text)
    RTC_IRQHandler                           0x0800256f   Thumb Code     0  startup_stm32f10x_hd.o(.text)
    SDIO_IRQHandler                          0x0800256f   Thumb Code     0  startup_stm32f10x_hd.o(.text)
    SPI1_IRQHandler                          0x0800256f   Thumb Code     0  startup_stm32f10x_hd.o(.text)
    SPI2_IRQHandler                          0x0800256f   Thumb Code     0  startup_stm32f10x_hd.o(.text)
    SPI3_IRQHandler                          0x0800256f   Thumb Code     0  startup_stm32f10x_hd.o(.text)
    TAMPER_IRQHandler                        0x0800256f   Thumb Code     0  startup_stm32f10x_hd.o(.text)
    TIM1_BRK_IRQHandler                      0x0800256f   Thumb Code     0  startup_stm32f10x_hd.o(.text)
    TIM1_CC_IRQHandler                       0x0800256f   Thumb Code     0  startup_stm32f10x_hd.o(.text)
    TIM1_TRG_COM_IRQHandler                  0x0800256f   Thumb Code     0  startup_stm32f10x_hd.o(.text)
    TIM2_IRQHandler                          0x0800256f   Thumb Code     0  startup_stm32f10x_hd.o(.text)
    TIM4_IRQHandler                          0x0800256f   Thumb Code     0  startup_stm32f10x_hd.o(.text)
    TIM5_IRQHandler                          0x0800256f   Thumb Code     0  startup_stm32f10x_hd.o(.text)
    TIM6_IRQHandler                          0x0800256f   Thumb Code     0  startup_stm32f10x_hd.o(.text)
    TIM7_IRQHandler                          0x0800256f   Thumb Code     0  startup_stm32f10x_hd.o(.text)
    TIM8_BRK_IRQHandler                      0x0800256f   Thumb Code     0  startup_stm32f10x_hd.o(.text)
    TIM8_CC_IRQHandler                       0x0800256f   Thumb Code     0  startup_stm32f10x_hd.o(.text)
    TIM8_TRG_COM_IRQHandler                  0x0800256f   Thumb Code     0  startup_stm32f10x_hd.o(.text)
    TIM8_UP_IRQHandler                       0x0800256f   Thumb Code     0  startup_stm32f10x_hd.o(.text)
    UART4_IRQHandler                         0x0800256f   Thumb Code     0  startup_stm32f10x_hd.o(.text)
    UART5_IRQHandler                         0x0800256f   Thumb Code     0  startup_stm32f10x_hd.o(.text)
    USART1_IRQHandler                        0x0800256f   Thumb Code     0  startup_stm32f10x_hd.o(.text)
    USART2_IRQHandler                        0x0800256f   Thumb Code     0  startup_stm32f10x_hd.o(.text)
    USBWakeUp_IRQHandler                     0x0800256f   Thumb Code     0  startup_stm32f10x_hd.o(.text)
    USB_HP_CAN1_TX_IRQHandler                0x0800256f   Thumb Code     0  startup_stm32f10x_hd.o(.text)
    USB_LP_CAN1_RX0_IRQHandler               0x0800256f   Thumb Code     0  startup_stm32f10x_hd.o(.text)
    WWDG_IRQHandler                          0x0800256f   Thumb Code     0  startup_stm32f10x_hd.o(.text)
    __user_initial_stackheap                 0x08002571   Thumb Code     0  startup_stm32f10x_hd.o(.text)
    NVIC_PriorityGroupConfig                 0x08002595   Thumb Code    10  misc.o(.text)
    NVIC_Init                                0x0800259f   Thumb Code   100  misc.o(.text)
    NVIC_SetVectorTable                      0x08002603   Thumb Code    14  misc.o(.text)
    NVIC_SystemLPConfig                      0x08002611   Thumb Code    34  misc.o(.text)
    SysTick_CLKSourceConfig                  0x08002633   Thumb Code    40  misc.o(.text)
    GPIO_DeInit                              0x08002671   Thumb Code   172  stm32f10x_gpio.o(.text)
    GPIO_AFIODeInit                          0x0800271d   Thumb Code    20  stm32f10x_gpio.o(.text)
    GPIO_Init                                0x08002731   Thumb Code   278  stm32f10x_gpio.o(.text)
    GPIO_StructInit                          0x08002847   Thumb Code    16  stm32f10x_gpio.o(.text)
    GPIO_ReadInputDataBit                    0x08002857   Thumb Code    18  stm32f10x_gpio.o(.text)
    GPIO_ReadInputData                       0x08002869   Thumb Code     8  stm32f10x_gpio.o(.text)
    GPIO_ReadOutputDataBit                   0x08002871   Thumb Code    18  stm32f10x_gpio.o(.text)
    GPIO_ReadOutputData                      0x08002883   Thumb Code     8  stm32f10x_gpio.o(.text)
    GPIO_SetBits                             0x0800288b   Thumb Code     4  stm32f10x_gpio.o(.text)
    GPIO_ResetBits                           0x0800288f   Thumb Code     4  stm32f10x_gpio.o(.text)
    GPIO_WriteBit                            0x08002893   Thumb Code    10  stm32f10x_gpio.o(.text)
    GPIO_Write                               0x0800289d   Thumb Code     4  stm32f10x_gpio.o(.text)
    GPIO_PinLockConfig                       0x080028a1   Thumb Code    18  stm32f10x_gpio.o(.text)
    GPIO_EventOutputConfig                   0x080028b3   Thumb Code    26  stm32f10x_gpio.o(.text)
    GPIO_EventOutputCmd                      0x080028cd   Thumb Code     6  stm32f10x_gpio.o(.text)
    GPIO_PinRemapConfig                      0x080028d3   Thumb Code   138  stm32f10x_gpio.o(.text)
    GPIO_EXTILineConfig                      0x0800295d   Thumb Code    66  stm32f10x_gpio.o(.text)
    GPIO_ETH_MediaInterfaceConfig            0x0800299f   Thumb Code     8  stm32f10x_gpio.o(.text)
    RCC_DeInit                               0x080029cd   Thumb Code    64  stm32f10x_rcc.o(.text)
    RCC_HSEConfig                            0x08002a0d   Thumb Code    70  stm32f10x_rcc.o(.text)
    RCC_GetFlagStatus                        0x08002a53   Thumb Code    56  stm32f10x_rcc.o(.text)
    RCC_WaitForHSEStartUp                    0x08002a8b   Thumb Code    56  stm32f10x_rcc.o(.text)
    RCC_AdjustHSICalibrationValue            0x08002ac3   Thumb Code    20  stm32f10x_rcc.o(.text)
    RCC_HSICmd                               0x08002ad7   Thumb Code     6  stm32f10x_rcc.o(.text)
    RCC_PLLConfig                            0x08002add   Thumb Code    24  stm32f10x_rcc.o(.text)
    RCC_PLLCmd                               0x08002af5   Thumb Code     6  stm32f10x_rcc.o(.text)
    RCC_SYSCLKConfig                         0x08002afb   Thumb Code    18  stm32f10x_rcc.o(.text)
    RCC_GetSYSCLKSource                      0x08002b0d   Thumb Code    10  stm32f10x_rcc.o(.text)
    RCC_HCLKConfig                           0x08002b17   Thumb Code    18  stm32f10x_rcc.o(.text)
    RCC_PCLK1Config                          0x08002b29   Thumb Code    18  stm32f10x_rcc.o(.text)
    RCC_PCLK2Config                          0x08002b3b   Thumb Code    20  stm32f10x_rcc.o(.text)
    RCC_ITConfig                             0x08002b4f   Thumb Code    26  stm32f10x_rcc.o(.text)
    RCC_USBCLKConfig                         0x08002b69   Thumb Code     8  stm32f10x_rcc.o(.text)
    RCC_ADCCLKConfig                         0x08002b71   Thumb Code    18  stm32f10x_rcc.o(.text)
    RCC_LSEConfig                            0x08002b83   Thumb Code    50  stm32f10x_rcc.o(.text)
    RCC_LSICmd                               0x08002bb5   Thumb Code     6  stm32f10x_rcc.o(.text)
    RCC_RTCCLKConfig                         0x08002bbb   Thumb Code    12  stm32f10x_rcc.o(.text)
    RCC_RTCCLKCmd                            0x08002bc7   Thumb Code     8  stm32f10x_rcc.o(.text)
    RCC_GetClocksFreq                        0x08002bcf   Thumb Code   192  stm32f10x_rcc.o(.text)
    RCC_AHBPeriphClockCmd                    0x08002c8f   Thumb Code    26  stm32f10x_rcc.o(.text)
    RCC_APB2PeriphClockCmd                   0x08002ca9   Thumb Code    26  stm32f10x_rcc.o(.text)
    RCC_APB1PeriphClockCmd                   0x08002cc3   Thumb Code    26  stm32f10x_rcc.o(.text)
    RCC_APB2PeriphResetCmd                   0x08002cdd   Thumb Code    26  stm32f10x_rcc.o(.text)
    RCC_APB1PeriphResetCmd                   0x08002cf7   Thumb Code    26  stm32f10x_rcc.o(.text)
    RCC_BackupResetCmd                       0x08002d11   Thumb Code     8  stm32f10x_rcc.o(.text)
    RCC_ClockSecuritySystemCmd               0x08002d19   Thumb Code     6  stm32f10x_rcc.o(.text)
    RCC_MCOConfig                            0x08002d1f   Thumb Code     6  stm32f10x_rcc.o(.text)
    RCC_ClearFlag                            0x08002d25   Thumb Code    14  stm32f10x_rcc.o(.text)
    RCC_GetITStatus                          0x08002d33   Thumb Code    20  stm32f10x_rcc.o(.text)
    RCC_ClearITPendingBit                    0x08002d47   Thumb Code     6  stm32f10x_rcc.o(.text)
    TIM_DeInit                               0x08002d71   Thumb Code   424  stm32f10x_tim.o(.text)
    TIM_TimeBaseInit                         0x08002f19   Thumb Code   122  stm32f10x_tim.o(.text)
    TIM_OC1Init                              0x08002f93   Thumb Code   132  stm32f10x_tim.o(.text)
    TIM_OC2Init                              0x08003017   Thumb Code   154  stm32f10x_tim.o(.text)
    TIM_OC3Init                              0x080030b1   Thumb Code   150  stm32f10x_tim.o(.text)
    TIM_OC4Init                              0x08003147   Thumb Code   182  stm32f10x_tim.o(.text)
    TIM_SetIC4Prescaler                      0x080031fd   Thumb Code    26  stm32f10x_tim.o(.text)
    TIM_SetIC3Prescaler                      0x08003299   Thumb Code    18  stm32f10x_tim.o(.text)
    TIM_SetIC2Prescaler                      0x08003325   Thumb Code    26  stm32f10x_tim.o(.text)
    TIM_SetIC1Prescaler                      0x080033c1   Thumb Code    18  stm32f10x_tim.o(.text)
    TIM_ICInit                               0x0800343f   Thumb Code   150  stm32f10x_tim.o(.text)
    TIM_PWMIConfig                           0x080034d5   Thumb Code   124  stm32f10x_tim.o(.text)
    TIM_BDTRConfig                           0x08003551   Thumb Code    32  stm32f10x_tim.o(.text)
    TIM_TimeBaseStructInit                   0x08003571   Thumb Code    18  stm32f10x_tim.o(.text)
    TIM_OCStructInit                         0x08003583   Thumb Code    20  stm32f10x_tim.o(.text)
    TIM_ICStructInit                         0x08003597   Thumb Code    18  stm32f10x_tim.o(.text)
    TIM_BDTRStructInit                       0x080035a9   Thumb Code    40  stm32f10x_tim.o(.text)
    TIM_Cmd                                  0x080035d1   Thumb Code    24  stm32f10x_tim.o(.text)
    TIM_CtrlPWMOutputs                       0x080035e9   Thumb Code    30  stm32f10x_tim.o(.text)
    TIM_ITConfig                             0x08003607   Thumb Code    18  stm32f10x_tim.o(.text)
    TIM_GenerateEvent                        0x08003619   Thumb Code     4  stm32f10x_tim.o(.text)
    TIM_DMAConfig                            0x0800361d   Thumb Code    10  stm32f10x_tim.o(.text)
    TIM_DMACmd                               0x08003627   Thumb Code    18  stm32f10x_tim.o(.text)
    TIM_InternalClockConfig                  0x08003639   Thumb Code    12  stm32f10x_tim.o(.text)
    TIM_SelectInputTrigger                   0x08003645   Thumb Code    18  stm32f10x_tim.o(.text)
    TIM_ITRxExternalClockConfig              0x08003657   Thumb Code    24  stm32f10x_tim.o(.text)
    TIM_TIxExternalClockConfig               0x0800366f   Thumb Code    62  stm32f10x_tim.o(.text)
    TIM_ETRConfig                            0x080036ad   Thumb Code    28  stm32f10x_tim.o(.text)
    TIM_ETRClockMode1Config                  0x080036c9   Thumb Code    54  stm32f10x_tim.o(.text)
    TIM_ETRClockMode2Config                  0x080036ff   Thumb Code    32  stm32f10x_tim.o(.text)
    TIM_PrescalerConfig                      0x0800371f   Thumb Code     6  stm32f10x_tim.o(.text)
    TIM_CounterModeConfig                    0x08003725   Thumb Code    18  stm32f10x_tim.o(.text)
    TIM_EncoderInterfaceConfig               0x08003737   Thumb Code    66  stm32f10x_tim.o(.text)
    TIM_ForcedOC1Config                      0x08003779   Thumb Code    18  stm32f10x_tim.o(.text)
    TIM_ForcedOC2Config                      0x0800378b   Thumb Code    26  stm32f10x_tim.o(.text)
    TIM_ForcedOC3Config                      0x080037a5   Thumb Code    18  stm32f10x_tim.o(.text)
    TIM_ForcedOC4Config                      0x080037b7   Thumb Code    26  stm32f10x_tim.o(.text)
    TIM_ARRPreloadConfig                     0x080037d1   Thumb Code    24  stm32f10x_tim.o(.text)
    TIM_SelectCOM                            0x080037e9   Thumb Code    24  stm32f10x_tim.o(.text)
    TIM_SelectCCDMA                          0x08003801   Thumb Code    24  stm32f10x_tim.o(.text)
    TIM_CCPreloadControl                     0x08003819   Thumb Code    24  stm32f10x_tim.o(.text)
    TIM_OC1PreloadConfig                     0x08003831   Thumb Code    18  stm32f10x_tim.o(.text)
    TIM_OC2PreloadConfig                     0x08003843   Thumb Code    26  stm32f10x_tim.o(.text)
    TIM_OC3PreloadConfig                     0x0800385d   Thumb Code    18  stm32f10x_tim.o(.text)
    TIM_OC4PreloadConfig                     0x0800386f   Thumb Code    26  stm32f10x_tim.o(.text)
    TIM_OC1FastConfig                        0x08003889   Thumb Code    18  stm32f10x_tim.o(.text)
    TIM_OC2FastConfig                        0x0800389b   Thumb Code    26  stm32f10x_tim.o(.text)
    TIM_OC3FastConfig                        0x080038b5   Thumb Code    18  stm32f10x_tim.o(.text)
    TIM_OC4FastConfig                        0x080038c7   Thumb Code    26  stm32f10x_tim.o(.text)
    TIM_ClearOC1Ref                          0x080038e1   Thumb Code    18  stm32f10x_tim.o(.text)
    TIM_ClearOC2Ref                          0x080038f3   Thumb Code    24  stm32f10x_tim.o(.text)
    TIM_ClearOC3Ref                          0x0800390b   Thumb Code    18  stm32f10x_tim.o(.text)
    TIM_ClearOC4Ref                          0x0800391d   Thumb Code    24  stm32f10x_tim.o(.text)
    TIM_OC1PolarityConfig                    0x08003935   Thumb Code    18  stm32f10x_tim.o(.text)
    TIM_OC1NPolarityConfig                   0x08003947   Thumb Code    18  stm32f10x_tim.o(.text)
    TIM_OC2PolarityConfig                    0x08003959   Thumb Code    26  stm32f10x_tim.o(.text)
    TIM_OC2NPolarityConfig                   0x08003973   Thumb Code    26  stm32f10x_tim.o(.text)
    TIM_OC3PolarityConfig                    0x0800398d   Thumb Code    26  stm32f10x_tim.o(.text)
    TIM_OC3NPolarityConfig                   0x080039a7   Thumb Code    26  stm32f10x_tim.o(.text)
    TIM_OC4PolarityConfig                    0x080039c1   Thumb Code    26  stm32f10x_tim.o(.text)
    TIM_CCxCmd                               0x080039db   Thumb Code    30  stm32f10x_tim.o(.text)
    TIM_CCxNCmd                              0x080039f9   Thumb Code    30  stm32f10x_tim.o(.text)
    TIM_SelectOCxM                           0x08003a17   Thumb Code    82  stm32f10x_tim.o(.text)
    TIM_UpdateDisableConfig                  0x08003a69   Thumb Code    24  stm32f10x_tim.o(.text)
    TIM_UpdateRequestConfig                  0x08003a81   Thumb Code    24  stm32f10x_tim.o(.text)
    TIM_SelectHallSensor                     0x08003a99   Thumb Code    24  stm32f10x_tim.o(.text)
    TIM_SelectOnePulseMode                   0x08003ab1   Thumb Code    18  stm32f10x_tim.o(.text)
    TIM_SelectOutputTrigger                  0x08003ac3   Thumb Code    18  stm32f10x_tim.o(.text)
    TIM_SelectSlaveMode                      0x08003ad5   Thumb Code    18  stm32f10x_tim.o(.text)
    TIM_SelectMasterSlaveMode                0x08003ae7   Thumb Code    18  stm32f10x_tim.o(.text)
    TIM_SetCounter                           0x08003af9   Thumb Code     4  stm32f10x_tim.o(.text)
    TIM_SetAutoreload                        0x08003afd   Thumb Code     4  stm32f10x_tim.o(.text)
    TIM_SetCompare1                          0x08003b01   Thumb Code     4  stm32f10x_tim.o(.text)
    TIM_SetCompare2                          0x08003b05   Thumb Code     4  stm32f10x_tim.o(.text)
    TIM_SetCompare3                          0x08003b09   Thumb Code     4  stm32f10x_tim.o(.text)
    TIM_SetCompare4                          0x08003b0d   Thumb Code     6  stm32f10x_tim.o(.text)
    TIM_SetClockDivision                     0x08003b13   Thumb Code    18  stm32f10x_tim.o(.text)
    TIM_GetCapture1                          0x08003b25   Thumb Code     6  stm32f10x_tim.o(.text)
    TIM_GetCapture2                          0x08003b2b   Thumb Code     6  stm32f10x_tim.o(.text)
    TIM_GetCapture3                          0x08003b31   Thumb Code     6  stm32f10x_tim.o(.text)
    TIM_GetCapture4                          0x08003b37   Thumb Code     8  stm32f10x_tim.o(.text)
    TIM_GetCounter                           0x08003b3f   Thumb Code     6  stm32f10x_tim.o(.text)
    TIM_GetPrescaler                         0x08003b45   Thumb Code     6  stm32f10x_tim.o(.text)
    TIM_GetFlagStatus                        0x08003b4b   Thumb Code    18  stm32f10x_tim.o(.text)
    TIM_ClearFlag                            0x08003b5d   Thumb Code     6  stm32f10x_tim.o(.text)
    TIM_GetITStatus                          0x08003b63   Thumb Code    34  stm32f10x_tim.o(.text)
    TIM_ClearITPendingBit                    0x08003b85   Thumb Code     6  stm32f10x_tim.o(.text)
    USART_DeInit                             0x08003b8d   Thumb Code   134  stm32f10x_usart.o(.text)
    USART_Init                               0x08003c13   Thumb Code   210  stm32f10x_usart.o(.text)
    USART_StructInit                         0x08003ce5   Thumb Code    24  stm32f10x_usart.o(.text)
    USART_ClockInit                          0x08003cfd   Thumb Code    34  stm32f10x_usart.o(.text)
    USART_ClockStructInit                    0x08003d1f   Thumb Code    12  stm32f10x_usart.o(.text)
    USART_Cmd                                0x08003d2b   Thumb Code    24  stm32f10x_usart.o(.text)
    USART_ITConfig                           0x08003d43   Thumb Code    74  stm32f10x_usart.o(.text)
    USART_DMACmd                             0x08003d8d   Thumb Code    18  stm32f10x_usart.o(.text)
    USART_SetAddress                         0x08003d9f   Thumb Code    18  stm32f10x_usart.o(.text)
    USART_WakeUpConfig                       0x08003db1   Thumb Code    18  stm32f10x_usart.o(.text)
    USART_ReceiverWakeUpCmd                  0x08003dc3   Thumb Code    24  stm32f10x_usart.o(.text)
    USART_LINBreakDetectLengthConfig         0x08003ddb   Thumb Code    18  stm32f10x_usart.o(.text)
    USART_LINCmd                             0x08003ded   Thumb Code    24  stm32f10x_usart.o(.text)
    USART_SendData                           0x08003e05   Thumb Code     8  stm32f10x_usart.o(.text)
    USART_ReceiveData                        0x08003e0d   Thumb Code    10  stm32f10x_usart.o(.text)
    USART_SendBreak                          0x08003e17   Thumb Code    10  stm32f10x_usart.o(.text)
    USART_SetGuardTime                       0x08003e21   Thumb Code    16  stm32f10x_usart.o(.text)
    USART_SetPrescaler                       0x08003e31   Thumb Code    16  stm32f10x_usart.o(.text)
    USART_SmartCardCmd                       0x08003e41   Thumb Code    24  stm32f10x_usart.o(.text)
    USART_SmartCardNACKCmd                   0x08003e59   Thumb Code    24  stm32f10x_usart.o(.text)
    USART_HalfDuplexCmd                      0x08003e71   Thumb Code    24  stm32f10x_usart.o(.text)
    USART_OverSampling8Cmd                   0x08003e89   Thumb Code    22  stm32f10x_usart.o(.text)
    USART_OneBitMethodCmd                    0x08003e9f   Thumb Code    24  stm32f10x_usart.o(.text)
    USART_IrDAConfig                         0x08003eb7   Thumb Code    18  stm32f10x_usart.o(.text)
    USART_IrDACmd                            0x08003ec9   Thumb Code    24  stm32f10x_usart.o(.text)
    USART_GetFlagStatus                      0x08003ee1   Thumb Code    26  stm32f10x_usart.o(.text)
    USART_ClearFlag                          0x08003efb   Thumb Code    18  stm32f10x_usart.o(.text)
    USART_GetITStatus                        0x08003f0d   Thumb Code    84  stm32f10x_usart.o(.text)
    USART_ClearITPendingBit                  0x08003f61   Thumb Code    52  stm32f10x_usart.o(.text)
    __use_no_semihosting                     0x08003f95   Thumb Code     2  use_no_semi_2.o(.text)
    __2printf                                0x08003f99   Thumb Code    20  noretval__2printf.o(.text)
    __use_two_region_memory                  0x08003fb1   Thumb Code     2  heapauxi.o(.text)
    __rt_heap_escrow$2region                 0x08003fb3   Thumb Code     2  heapauxi.o(.text)
    __rt_heap_expand$2region                 0x08003fb5   Thumb Code     2  heapauxi.o(.text)
    __I$use$semihosting                      0x08003fb7   Thumb Code     0  use_no_semi.o(.text)
    __use_no_semihosting_swi                 0x08003fb7   Thumb Code     2  use_no_semi.o(.text)
    __read_errno                             0x08003fb9   Thumb Code    10  _rserrno.o(.text)
    __set_errno                              0x08003fc3   Thumb Code    12  _rserrno.o(.text)
    _printf_char_file                        0x08003fd1   Thumb Code    32  _printf_char_file.o(.text)
    __aeabi_errno_addr                       0x08003ff5   Thumb Code     8  rt_errno_addr_intlibspace.o(.text)
    __errno$intlibspace                      0x08003ff5   Thumb Code     0  rt_errno_addr_intlibspace.o(.text)
    __rt_errno_addr$intlibspace              0x08003ff5   Thumb Code     0  rt_errno_addr_intlibspace.o(.text)
    _printf_char_common                      0x08004007   Thumb Code    32  _printf_char_common.o(.text)
    ferror                                   0x0800402d   Thumb Code     8  ferror.o(.text)
    __user_libspace                          0x08004035   Thumb Code     8  libspace.o(.text)
    __user_perproc_libspace                  0x08004035   Thumb Code     0  libspace.o(.text)
    __user_perthread_libspace                0x08004035   Thumb Code     0  libspace.o(.text)
    __user_setup_stackheap                   0x0800403d   Thumb Code    74  sys_stackheap_outer.o(.text)
    __printf                                 0x08004087   Thumb Code    40  __printf_nopercent.o(.text)
    exit                                     0x080040af   Thumb Code    12  exit.o(.text)
    __ARM_fpclassify                         0x080040bb   Thumb Code    40  fpclassify.o(i.__ARM_fpclassify)
    __ieee754_rem_pio2                       0x080040e5   Thumb Code   828  rred.o(i.__ieee754_rem_pio2)
    __kernel_cos                             0x0800446d   Thumb Code   230  cos_i.o(i.__kernel_cos)
    __kernel_poly                            0x08004569   Thumb Code   170  poly.o(i.__kernel_poly)
    __kernel_sin                             0x08004615   Thumb Code   224  sin_i.o(i.__kernel_sin)
    __mathlib_dbl_infnan                     0x08004701   Thumb Code     6  dunder.o(i.__mathlib_dbl_infnan)
    __mathlib_dbl_invalid                    0x08004707   Thumb Code    12  dunder.o(i.__mathlib_dbl_invalid)
    __mathlib_dbl_underflow                  0x08004715   Thumb Code    10  dunder.o(i.__mathlib_dbl_underflow)
    sin                                      0x08004725   Thumb Code   150  sin.o(i.sin)
    __aeabi_d2f                              0x080047c5   Thumb Code     0  d2f.o(x$fpl$d2f)
    _d2f                                     0x080047c5   Thumb Code    98  d2f.o(x$fpl$d2f)
    __aeabi_dadd                             0x08004829   Thumb Code     0  daddsub_clz.o(x$fpl$dadd)
    _dadd                                    0x08004829   Thumb Code   332  daddsub_clz.o(x$fpl$dadd)
    __fpl_dcheck_NaN1                        0x08004979   Thumb Code    10  dcheck1.o(x$fpl$dcheck1)
    __aeabi_ddiv                             0x08004989   Thumb Code     0  ddiv.o(x$fpl$ddiv)
    _ddiv                                    0x08004989   Thumb Code   552  ddiv.o(x$fpl$ddiv)
    __aeabi_d2iz                             0x08004c39   Thumb Code     0  dfix.o(x$fpl$dfix)
    _dfix                                    0x08004c39   Thumb Code    94  dfix.o(x$fpl$dfix)
    __aeabi_d2uiz                            0x08004c99   Thumb Code     0  dfixu.o(x$fpl$dfixu)
    _dfixu                                   0x08004c99   Thumb Code    90  dfixu.o(x$fpl$dfixu)
    __aeabi_i2d                              0x08004cf3   Thumb Code     0  dflt_clz.o(x$fpl$dflt)
    _dflt                                    0x08004cf3   Thumb Code    46  dflt_clz.o(x$fpl$dflt)
    __aeabi_ui2d                             0x08004d21   Thumb Code     0  dflt_clz.o(x$fpl$dfltu)
    _dfltu                                   0x08004d21   Thumb Code    38  dflt_clz.o(x$fpl$dfltu)
    __aeabi_dmul                             0x08004d49   Thumb Code     0  dmul.o(x$fpl$dmul)
    _dmul                                    0x08004d49   Thumb Code   332  dmul.o(x$fpl$dmul)
    __fpl_dnaninf                            0x08004e9d   Thumb Code   156  dnaninf.o(x$fpl$dnaninf)
    __fpl_dretinf                            0x08004f39   Thumb Code    12  dretinf.o(x$fpl$dretinf)
    __aeabi_drsub                            0x08004f45   Thumb Code     0  daddsub_clz.o(x$fpl$drsb)
    _drsb                                    0x08004f45   Thumb Code    22  daddsub_clz.o(x$fpl$drsb)
    __aeabi_dsub                             0x08004f5d   Thumb Code     0  daddsub_clz.o(x$fpl$dsub)
    _dsub                                    0x08004f5d   Thumb Code   464  daddsub_clz.o(x$fpl$dsub)
    __aeabi_f2d                              0x08005131   Thumb Code     0  f2d.o(x$fpl$f2d)
    _f2d                                     0x08005131   Thumb Code    86  f2d.o(x$fpl$f2d)
    __aeabi_fadd                             0x08005189   Thumb Code     0  faddsub_clz.o(x$fpl$fadd)
    _fadd                                    0x08005189   Thumb Code   196  faddsub_clz.o(x$fpl$fadd)
    __fpl_fcmp_Inf                           0x0800524d   Thumb Code    24  fcmpi.o(x$fpl$fcmpinf)
    __aeabi_fdiv                             0x08005265   Thumb Code     0  fdiv.o(x$fpl$fdiv)
    _fdiv                                    0x08005265   Thumb Code   384  fdiv.o(x$fpl$fdiv)
    __aeabi_f2iz                             0x080053e9   Thumb Code     0  ffix.o(x$fpl$ffix)
    _ffix                                    0x080053e9   Thumb Code    54  ffix.o(x$fpl$ffix)
    __aeabi_i2f                              0x08005421   Thumb Code     0  fflt_clz.o(x$fpl$fflt)
    _fflt                                    0x08005421   Thumb Code    48  fflt_clz.o(x$fpl$fflt)
    __aeabi_cfcmple                          0x08005451   Thumb Code     0  fleqf.o(x$fpl$fleqf)
    _fcmple                                  0x08005451   Thumb Code   104  fleqf.o(x$fpl$fleqf)
    __fpl_fcmple_InfNaN                      0x080054a3   Thumb Code     0  fleqf.o(x$fpl$fleqf)
    __aeabi_fmul                             0x080054b9   Thumb Code     0  fmul.o(x$fpl$fmul)
    _fmul                                    0x080054b9   Thumb Code   258  fmul.o(x$fpl$fmul)
    __fpl_fnaninf                            0x080055bb   Thumb Code   140  fnaninf.o(x$fpl$fnaninf)
    __fpl_fretinf                            0x08005647   Thumb Code    10  fretinf.o(x$fpl$fretinf)
    __aeabi_frsub                            0x08005651   Thumb Code     0  faddsub_clz.o(x$fpl$frsb)
    _frsb                                    0x08005651   Thumb Code    20  faddsub_clz.o(x$fpl$frsb)
    __aeabi_fsub                             0x08005665   Thumb Code     0  faddsub_clz.o(x$fpl$fsub)
    _fsub                                    0x08005665   Thumb Code   234  faddsub_clz.o(x$fpl$fsub)
    __fpl_return_NaN                         0x0800574f   Thumb Code   100  retnan.o(x$fpl$retnan)
    __ARM_scalbn                             0x080057b3   Thumb Code    92  scalbn.o(x$fpl$scalbn)
    __fpl_cmpreturn                          0x0800580f   Thumb Code    48  trapv.o(x$fpl$trapveneer)
    F6x8                                     0x0800583e   Data         552  oled.o(.constdata)
    __I$use$fp                               0x0800583e   Number         0  usenofp.o(x$fpl$usenofp)
    F14x16_Idx                               0x08005a66   Data          99  oled.o(.constdata)
    F14x16                                   0x08005ac9   Data        1372  oled.o(.constdata)
    F8X16                                    0x08006025   Data        1520  oled.o(.constdata)
    Region$$Table$$Base                      0x08006738   Number         0  anon$$obj.o(Region$$Table)
    Region$$Table$$Limit                     0x08006758   Number         0  anon$$obj.o(Region$$Table)
    sinFre                                   0x20000000   Data           4  main.o(.data)
    N                                        0x20000004   Data           4  main.o(.data)
    U                                        0x20000008   Data           4  main.o(.data)
    a                                        0x2000000c   Data           4  main.o(.data)
    outputstate                              0x20000010   Data           4  main.o(.data)
    is_impulse                               0x20000014   Data           4  main.o(.data)
    impulse_i                                0x20000018   Data           4  main.o(.data)
    impulse_num                              0x2000001c   Data           4  main.o(.data)
    impulse_step                             0x20000020   Data           4  main.o(.data)
    isUseBackup                              0x20000024   Data           1  main.o(.data)
    flag_newdata                             0x20000025   Data           1  main.o(.data)
    show_key                                 0x20000028   Data           4  main.o(.data)
    az                                       0x2000002c   Data           2  main.o(.data)
    times                                    0x20000030   Data           4  main.o(.data)
    data_H                                   0x20000034   Data           1  main.o(.data)
    data_L                                   0x20000035   Data           1  main.o(.data)
    temp                                     0x20000036   Data           1  main.o(.data)
    data_1                                   0x20000037   Data           1  main.o(.data)
    data_2                                   0x20000038   Data           1  main.o(.data)
    data_3                                   0x20000039   Data           1  main.o(.data)
    data_4                                   0x2000003a   Data           1  main.o(.data)
    ttt                                      0x2000003b   Data           1  main.o(.data)
    SystemCoreClock                          0x20000040   Data           4  system_stm32f10x.o(.data)
    AHBPrescTable                            0x20000044   Data          16  system_stm32f10x.o(.data)
    u_chars                                  0x20000055   Data           4  oled.o(.data)
    fre_chars                                0x20000059   Data           5  oled.o(.data)
    num_chars                                0x2000005e   Data           4  oled.o(.data)
    step_chars                               0x20000062   Data           4  oled.o(.data)
    is_con_slave                             0x20000068   Data           4  esp8266.o(.data)
    rn_count                                 0x2000006c   Data           4  esp8266.o(.data)
    data_i                                   0x20000070   Data           4  esp8266.o(.data)
    time_wait                                0x20000074   Data           4  esp8266.o(.data)
    receive_state                            0x20000078   Data           4  esp8266.o(.data)
    fac_us                                   0x2000007c   Data           1  esp8266.o(.data)
    fac_ms                                   0x2000007e   Data           2  esp8266.o(.data)
    __stdout                                 0x20000084   Data           4  usart.o(.data)
    USART_RX_STA                             0x20000088   Data           2  usart.o(.data)
    sintable_OC1                             0x200000a0   Data        1600  main.o(.bss)
    sintable_OC1_backup                      0x200006e0   Data        1600  main.o(.bss)
    sintable_OC2                             0x20000d20   Data        1600  main.o(.bss)
    sintable_OC2_backup                      0x20001360   Data        1600  main.o(.bss)
    wifi_feedback                            0x200019a0   Data         200  esp8266.o(.bss)
    __libspace_start                         0x20001a68   Data          96  libspace.o(.bss)
    __temporary_stack_top$libspace           0x20001ac8   Data           0  libspace.o(.bss)



==============================================================================

Memory Map of the image

  Image Entry point : 0x08000131

  Load Region LR_IROM1 (Base: 0x08000000, Size: 0x000067f8, Max: 0x00080000, ABSOLUTE)

    Execution Region ER_IROM1 (Base: 0x08000000, Size: 0x00006758, Max: 0x00080000, ABSOLUTE)

    Base Addr    Size         Type   Attr      Idx    E Section Name        Object

    0x08000000   0x00000130   Data   RO          353    RESET               startup_stm32f10x_hd.o
    0x08000130   0x00000008   Code   RO          442  * !!!main             c_w.l(__main.o)
    0x08000138   0x00000034   Code   RO          726    !!!scatter          c_w.l(__scatter.o)
    0x0800016c   0x0000001a   Code   RO          728    !!handler_copy      c_w.l(__scatter_copy.o)
    0x08000186   0x00000002   PAD
    0x08000188   0x0000001c   Code   RO          730    !!handler_zi        c_w.l(__scatter_zi.o)
    0x080001a4   0x00000002   Code   RO          598    .ARM.Collect$$libinit$$00000000  c_w.l(libinit.o)
    0x080001a6   0x00000000   Code   RO          604    .ARM.Collect$$libinit$$00000002  c_w.l(libinit2.o)
    0x080001a6   0x00000000   Code   RO          606    .ARM.Collect$$libinit$$00000004  c_w.l(libinit2.o)
    0x080001a6   0x00000000   Code   RO          609    .ARM.Collect$$libinit$$0000000A  c_w.l(libinit2.o)
    0x080001a6   0x00000000   Code   RO          611    .ARM.Collect$$libinit$$0000000C  c_w.l(libinit2.o)
    0x080001a6   0x00000000   Code   RO          613    .ARM.Collect$$libinit$$0000000E  c_w.l(libinit2.o)
    0x080001a6   0x00000000   Code   RO          616    .ARM.Collect$$libinit$$00000011  c_w.l(libinit2.o)
    0x080001a6   0x00000000   Code   RO          618    .ARM.Collect$$libinit$$00000013  c_w.l(libinit2.o)
    0x080001a6   0x00000000   Code   RO          620    .ARM.Collect$$libinit$$00000015  c_w.l(libinit2.o)
    0x080001a6   0x00000000   Code   RO          622    .ARM.Collect$$libinit$$00000017  c_w.l(libinit2.o)
    0x080001a6   0x00000000   Code   RO          624    .ARM.Collect$$libinit$$00000019  c_w.l(libinit2.o)
    0x080001a6   0x00000000   Code   RO          626    .ARM.Collect$$libinit$$0000001B  c_w.l(libinit2.o)
    0x080001a6   0x00000000   Code   RO          628    .ARM.Collect$$libinit$$0000001D  c_w.l(libinit2.o)
    0x080001a6   0x00000000   Code   RO          630    .ARM.Collect$$libinit$$0000001F  c_w.l(libinit2.o)
    0x080001a6   0x00000000   Code   RO          632    .ARM.Collect$$libinit$$00000021  c_w.l(libinit2.o)
    0x080001a6   0x00000000   Code   RO          634    .ARM.Collect$$libinit$$00000023  c_w.l(libinit2.o)
    0x080001a6   0x00000000   Code   RO          636    .ARM.Collect$$libinit$$00000025  c_w.l(libinit2.o)
    0x080001a6   0x00000000   Code   RO          640    .ARM.Collect$$libinit$$0000002C  c_w.l(libinit2.o)
    0x080001a6   0x00000000   Code   RO          642    .ARM.Collect$$libinit$$0000002E  c_w.l(libinit2.o)
    0x080001a6   0x00000000   Code   RO          644    .ARM.Collect$$libinit$$00000030  c_w.l(libinit2.o)
    0x080001a6   0x00000000   Code   RO          646    .ARM.Collect$$libinit$$00000032  c_w.l(libinit2.o)
    0x080001a6   0x00000002   Code   RO          647    .ARM.Collect$$libinit$$00000033  c_w.l(libinit2.o)
    0x080001a8   0x00000002   Code   RO          669    .ARM.Collect$$libshutdown$$00000000  c_w.l(libshutdown.o)
    0x080001aa   0x00000000   Code   RO          680    .ARM.Collect$$libshutdown$$00000003  c_w.l(libshutdown2.o)
    0x080001aa   0x00000000   Code   RO          683    .ARM.Collect$$libshutdown$$00000006  c_w.l(libshutdown2.o)
    0x080001aa   0x00000000   Code   RO          686    .ARM.Collect$$libshutdown$$00000009  c_w.l(libshutdown2.o)
    0x080001aa   0x00000000   Code   RO          688    .ARM.Collect$$libshutdown$$0000000B  c_w.l(libshutdown2.o)
    0x080001aa   0x00000000   Code   RO          691    .ARM.Collect$$libshutdown$$0000000E  c_w.l(libshutdown2.o)
    0x080001aa   0x00000002   Code   RO          692    .ARM.Collect$$libshutdown$$0000000F  c_w.l(libshutdown2.o)
    0x080001ac   0x00000000   Code   RO          504    .ARM.Collect$$rtentry$$00000000  c_w.l(__rtentry.o)
    0x080001ac   0x00000000   Code   RO          549    .ARM.Collect$$rtentry$$00000002  c_w.l(__rtentry2.o)
    0x080001ac   0x00000006   Code   RO          561    .ARM.Collect$$rtentry$$00000004  c_w.l(__rtentry4.o)
    0x080001b2   0x00000000   Code   RO          551    .ARM.Collect$$rtentry$$00000009  c_w.l(__rtentry2.o)
    0x080001b2   0x00000004   Code   RO          552    .ARM.Collect$$rtentry$$0000000A  c_w.l(__rtentry2.o)
    0x080001b6   0x00000000   Code   RO          554    .ARM.Collect$$rtentry$$0000000C  c_w.l(__rtentry2.o)
    0x080001b6   0x00000008   Code   RO          555    .ARM.Collect$$rtentry$$0000000D  c_w.l(__rtentry2.o)
    0x080001be   0x00000002   Code   RO          601    .ARM.Collect$$rtexit$$00000000  c_w.l(rtexit.o)
    0x080001c0   0x00000000   Code   RO          651    .ARM.Collect$$rtexit$$00000002  c_w.l(rtexit2.o)
    0x080001c0   0x00000004   Code   RO          652    .ARM.Collect$$rtexit$$00000003  c_w.l(rtexit2.o)
    0x080001c4   0x00000006   Code   RO          653    .ARM.Collect$$rtexit$$00000004  c_w.l(rtexit2.o)
    0x080001ca   0x00000002   PAD
    0x080001cc   0x0000064c   Code   RO            1    .text               main.o
    0x08000818   0x0000001a   Code   RO          139    .text               stm32f10x_it.o
    0x08000832   0x00000002   PAD
    0x08000834   0x000001e0   Code   RO          180    .text               system_stm32f10x.o
    0x08000a14   0x000005ec   Code   RO          210    .text               key.o
    0x08001000   0x000003e0   Code   RO          224    .text               timer.o
    0x080013e0   0x000007bc   Code   RO          236    .text               oled.o
    0x08001b9c   0x0000082c   Code   RO          253    .text               esp8266.o
    0x080023c8   0x000000d4   Code   RO          272    .text               delay.o
    0x0800249c   0x000000b8   Code   RO          303    .text               usart.o
    0x08002554   0x00000040   Code   RO          354    .text               startup_stm32f10x_hd.o
    0x08002594   0x000000dc   Code   RO          358    .text               misc.o
    0x08002670   0x0000035c   Code   RO          370    .text               stm32f10x_gpio.o
    0x080029cc   0x000003a4   Code   RO          382    .text               stm32f10x_rcc.o
    0x08002d70   0x00000e1a   Code   RO          396    .text               stm32f10x_tim.o
    0x08003b8a   0x00000002   PAD
    0x08003b8c   0x00000408   Code   RO          408    .text               stm32f10x_usart.o
    0x08003f94   0x00000002   Code   RO          434    .text               c_w.l(use_no_semi_2.o)
    0x08003f96   0x00000002   PAD
    0x08003f98   0x00000018   Code   RO          438    .text               c_w.l(noretval__2printf.o)
    0x08003fb0   0x00000006   Code   RO          440    .text               c_w.l(heapauxi.o)
    0x08003fb6   0x00000002   Code   RO          502    .text               c_w.l(use_no_semi.o)
    0x08003fb8   0x00000016   Code   RO          505    .text               c_w.l(_rserrno.o)
    0x08003fce   0x00000002   PAD
    0x08003fd0   0x00000024   Code   RO          507    .text               c_w.l(_printf_char_file.o)
    0x08003ff4   0x00000008   Code   RO          566    .text               c_w.l(rt_errno_addr_intlibspace.o)
    0x08003ffc   0x00000030   Code   RO          568    .text               c_w.l(_printf_char_common.o)
    0x0800402c   0x00000008   Code   RO          570    .text               c_w.l(ferror.o)
    0x08004034   0x00000008   Code   RO          584    .text               c_w.l(libspace.o)
    0x0800403c   0x0000004a   Code   RO          587    .text               c_w.l(sys_stackheap_outer.o)
    0x08004086   0x00000028   Code   RO          589    .text               c_w.l(__printf_nopercent.o)
    0x080040ae   0x0000000c   Code   RO          591    .text               c_w.l(exit.o)
    0x080040ba   0x00000028   Code   RO          580    i.__ARM_fpclassify  m_ws.l(fpclassify.o)
    0x080040e2   0x00000002   PAD
    0x080040e4   0x00000388   Code   RO          537    i.__ieee754_rem_pio2  m_ws.l(rred.o)
    0x0800446c   0x000000fc   Code   RO          520    i.__kernel_cos      m_ws.l(cos_i.o)
    0x08004568   0x000000aa   Code   RO          582    i.__kernel_poly     m_ws.l(poly.o)
    0x08004612   0x00000002   PAD
    0x08004614   0x000000ec   Code   RO          542    i.__kernel_sin      m_ws.l(sin_i.o)
    0x08004700   0x00000006   Code   RO          524    i.__mathlib_dbl_infnan  m_ws.l(dunder.o)
    0x08004706   0x0000000c   Code   RO          526    i.__mathlib_dbl_invalid  m_ws.l(dunder.o)
    0x08004712   0x00000002   PAD
    0x08004714   0x00000010   Code   RO          529    i.__mathlib_dbl_underflow  m_ws.l(dunder.o)
    0x08004724   0x000000a0   Code   RO          495    i.sin               m_ws.l(sin.o)
    0x080047c4   0x00000062   Code   RO          444    x$fpl$d2f           fz_ws.l(d2f.o)
    0x08004826   0x00000002   PAD
    0x08004828   0x00000150   Code   RO          446    x$fpl$dadd          fz_ws.l(daddsub_clz.o)
    0x08004978   0x00000010   Code   RO          599    x$fpl$dcheck1       fz_ws.l(dcheck1.o)
    0x08004988   0x000002b0   Code   RO          453    x$fpl$ddiv          fz_ws.l(ddiv.o)
    0x08004c38   0x0000005e   Code   RO          574    x$fpl$dfix          fz_ws.l(dfix.o)
    0x08004c96   0x00000002   PAD
    0x08004c98   0x0000005a   Code   RO          456    x$fpl$dfixu         fz_ws.l(dfixu.o)
    0x08004cf2   0x0000002e   Code   RO          461    x$fpl$dflt          fz_ws.l(dflt_clz.o)
    0x08004d20   0x00000026   Code   RO          460    x$fpl$dfltu         fz_ws.l(dflt_clz.o)
    0x08004d46   0x00000002   PAD
    0x08004d48   0x00000154   Code   RO          466    x$fpl$dmul          fz_ws.l(dmul.o)
    0x08004e9c   0x0000009c   Code   RO          509    x$fpl$dnaninf       fz_ws.l(dnaninf.o)
    0x08004f38   0x0000000c   Code   RO          511    x$fpl$dretinf       fz_ws.l(dretinf.o)
    0x08004f44   0x00000016   Code   RO          447    x$fpl$drsb          fz_ws.l(daddsub_clz.o)
    0x08004f5a   0x00000002   PAD
    0x08004f5c   0x000001d4   Code   RO          448    x$fpl$dsub          fz_ws.l(daddsub_clz.o)
    0x08005130   0x00000056   Code   RO          468    x$fpl$f2d           fz_ws.l(f2d.o)
    0x08005186   0x00000002   PAD
    0x08005188   0x000000c4   Code   RO          470    x$fpl$fadd          fz_ws.l(faddsub_clz.o)
    0x0800524c   0x00000018   Code   RO          513    x$fpl$fcmpinf       fz_ws.l(fcmpi.o)
    0x08005264   0x00000184   Code   RO          477    x$fpl$fdiv          fz_ws.l(fdiv.o)
    0x080053e8   0x00000036   Code   RO          480    x$fpl$ffix          fz_ws.l(ffix.o)
    0x0800541e   0x00000002   PAD
    0x08005420   0x00000030   Code   RO          485    x$fpl$fflt          fz_ws.l(fflt_clz.o)
    0x08005450   0x00000068   Code   RO          490    x$fpl$fleqf         fz_ws.l(fleqf.o)
    0x080054b8   0x00000102   Code   RO          492    x$fpl$fmul          fz_ws.l(fmul.o)
    0x080055ba   0x0000008c   Code   RO          515    x$fpl$fnaninf       fz_ws.l(fnaninf.o)
    0x08005646   0x0000000a   Code   RO          517    x$fpl$fretinf       fz_ws.l(fretinf.o)
    0x08005650   0x00000014   Code   RO          471    x$fpl$frsb          fz_ws.l(faddsub_clz.o)
    0x08005664   0x000000ea   Code   RO          472    x$fpl$fsub          fz_ws.l(faddsub_clz.o)
    0x0800574e   0x00000064   Code   RO          648    x$fpl$retnan        fz_ws.l(retnan.o)
    0x080057b2   0x0000005c   Code   RO          578    x$fpl$scalbn        fz_ws.l(scalbn.o)
    0x0800580e   0x00000030   Code   RO          661    x$fpl$trapveneer    fz_ws.l(trapv.o)
    0x0800583e   0x00000000   Code   RO          519    x$fpl$usenofp       fz_ws.l(usenofp.o)
    0x0800583e   0x00000dd7   Data   RO          237    .constdata          oled.o
    0x08006615   0x00000003   PAD
    0x08006618   0x00000030   Data   RO          521    .constdata          m_ws.l(cos_i.o)
    0x08006648   0x000000c8   Data   RO          539    .constdata          m_ws.l(rred.o)
    0x08006710   0x00000028   Data   RO          543    .constdata          m_ws.l(sin_i.o)
    0x08006738   0x00000020   Data   RO          724    Region$$Table       anon$$obj.o


    Execution Region RW_IRAM1 (Base: 0x20000000, Size: 0x000020c8, Max: 0x00010000, ABSOLUTE)

    Base Addr    Size         Type   Attr      Idx    E Section Name        Object

    0x20000000   0x00000040   Data   RW            3    .data               main.o
    0x20000040   0x00000014   Data   RW          181    .data               system_stm32f10x.o
    0x20000054   0x00000001   Data   RW          211    .data               key.o
    0x20000055   0x00000011   Data   RW          238    .data               oled.o
    0x20000066   0x00000002   PAD
    0x20000068   0x00000018   Data   RW          255    .data               esp8266.o
    0x20000080   0x00000004   Data   RW          273    .data               delay.o
    0x20000084   0x00000006   Data   RW          305    .data               usart.o
    0x2000008a   0x00000014   Data   RW          383    .data               stm32f10x_rcc.o
    0x2000009e   0x00000002   PAD
    0x200000a0   0x00001900   Zero   RW            2    .bss                main.o
    0x200019a0   0x000000c8   Zero   RW          254    .bss                esp8266.o
    0x20001a68   0x00000060   Zero   RW          585    .bss                c_w.l(libspace.o)
    0x20001ac8   0x00000200   Zero   RW          352    HEAP                startup_stm32f10x_hd.o
    0x20001cc8   0x00000400   Zero   RW          351    STACK               startup_stm32f10x_hd.o


==============================================================================

Image component sizes


      Code (inc. data)   RO Data    RW Data    ZI Data      Debug   Object Name

       212         18          0          4          0       1051   delay.o
      2092        640          0         24        200       2963   esp8266.o
      1516        110          0          1          0       2150   key.o
      1612        256          0         64       6400     256822   main.o
       220         22          0          0          0       1829   misc.o
      1980        164       3543         17          0       6207   oled.o
        64         26        304          0       1536        804   startup_stm32f10x_hd.o
       860         38          0          0          0       5673   stm32f10x_gpio.o
        26          0          0          0          0       1194   stm32f10x_it.o
       932         36          0         20          0       8860   stm32f10x_rcc.o
      3610         88          0          0          0      22160   stm32f10x_tim.o
      1032         22          0          0          0       8400   stm32f10x_usart.o
         0          0          0          0          0         32   sys.o
       480         38          0         20          0       1779   system_stm32f10x.o
       992         34          0          0          0       2873   timer.o
       184          8          0          6          0       2984   usart.o

    ----------------------------------------------------------------------
     15816       1500       3882        160       8136     325781   Object Totals
         0          0         32          0          0          0   (incl. Generated)
         4          0          3          4          0          0   (incl. Padding)

    ----------------------------------------------------------------------

      Code (inc. data)   RO Data    RW Data    ZI Data      Debug   Library Member Name

         8          0          0          0          0         68   __main.o
        40          0          0          0          0         84   __printf_nopercent.o
         0          0          0          0          0          0   __rtentry.o
        12          0          0          0          0          0   __rtentry2.o
         6          0          0          0          0          0   __rtentry4.o
        52          8          0          0          0          0   __scatter.o
        26          0          0          0          0          0   __scatter_copy.o
        28          0          0          0          0          0   __scatter_zi.o
        48          6          0          0          0         96   _printf_char_common.o
        36          4          0          0          0         80   _printf_char_file.o
        22          0          0          0          0        100   _rserrno.o
        12          0          0          0          0         72   exit.o
         8          0          0          0          0         68   ferror.o
         6          0          0          0          0        152   heapauxi.o
         2          0          0          0          0          0   libinit.o
         2          0          0          0          0          0   libinit2.o
         2          0          0          0          0          0   libshutdown.o
         2          0          0          0          0          0   libshutdown2.o
         8          4          0          0         96         68   libspace.o
        24          4          0          0          0         84   noretval__2printf.o
         8          4          0          0          0         68   rt_errno_addr_intlibspace.o
         2          0          0          0          0          0   rtexit.o
        10          0          0          0          0          0   rtexit2.o
        74          0          0          0          0         80   sys_stackheap_outer.o
         2          0          0          0          0         68   use_no_semi.o
         2          0          0          0          0         68   use_no_semi_2.o
        98          4          0          0          0         92   d2f.o
       826         16          0          0          0        348   daddsub_clz.o
        16          4          0          0          0         68   dcheck1.o
       688        140          0          0          0        208   ddiv.o
        94          4          0          0          0         92   dfix.o
        90          4          0          0          0         92   dfixu.o
        84          0          0          0          0        136   dflt_clz.o
       340         12          0          0          0        104   dmul.o
       156          4          0          0          0         92   dnaninf.o
        12          0          0          0          0         68   dretinf.o
        86          4          0          0          0         84   f2d.o
       450          8          0          0          0        236   faddsub_clz.o
        24          0          0          0          0         68   fcmpi.o
       388         76          0          0          0         96   fdiv.o
        54          4          0          0          0         84   ffix.o
        48          0          0          0          0         68   fflt_clz.o
       104          4          0          0          0         84   fleqf.o
       258          4          0          0          0         84   fmul.o
       140          4          0          0          0         84   fnaninf.o
        10          0          0          0          0         68   fretinf.o
       100          0          0          0          0         68   retnan.o
        92          0          0          0          0         68   scalbn.o
        48          0          0          0          0         68   trapv.o
         0          0          0          0          0          0   usenofp.o
       252         22         48          0          0        124   cos_i.o
        34          6          0          0          0        204   dunder.o
        40          0          0          0          0         68   fpclassify.o
       170          0          0          0          0         96   poly.o
       904         76        200          0          0        140   rred.o
       160         10          0          0          0        108   sin.o
       236         12         40          0          0        128   sin_i.o

    ----------------------------------------------------------------------
      6470        448        288          0         96       4484   Library Totals
        26          0          0          0          0          0   (incl. Padding)

    ----------------------------------------------------------------------

      Code (inc. data)   RO Data    RW Data    ZI Data      Debug   Library Name

       442         30          0          0         96       1156   c_w.l
      4206        292          0          0          0       2460   fz_ws.l
      1796        126        288          0          0        868   m_ws.l

    ----------------------------------------------------------------------
      6470        448        288          0         96       4484   Library Totals

    ----------------------------------------------------------------------

==============================================================================


      Code (inc. data)   RO Data    RW Data    ZI Data      Debug   

     22286       1948       4170        160       8232     326725   Grand Totals
     22286       1948       4170        160       8232     326725   ELF Image Totals
     22286       1948       4170        160          0          0   ROM Totals

==============================================================================

    Total RO  Size (Code + RO Data)                26456 (  25.84kB)
    Total RW  Size (RW Data + ZI Data)              8392 (   8.20kB)
    Total ROM Size (Code + RO Data + RW Data)      26616 (  25.99kB)

==============================================================================

